<html>
<body>
<pre>
<h1>µVision Build Log</h1>
<h2>Tool Versions:</h2>
IDE-Version: ¦ÌVision V5.33.0.0
Copyright (C) 2020 ARM Ltd and ARM Germany GmbH. All rights reserved.
License Information: a Administrator, b, LIC=2TTQ1-CP56Z-D3IM3-AL6J6-PX1RR-JPUX2
 
Tool Versions:
Toolchain:       MDK-ARM Professional  Version: 5.33.0.0
Toolchain Path:  D:\KeilMDK\ARM\ARMCC\Bin
C Compiler:      Armcc.exe V5.06 update 7 (build 960)
Assembler:       Armasm.exe V5.06 update 7 (build 960)
Linker/Locator:  ArmLink.exe V5.06 update 7 (build 960)
Library Manager: ArmAr.exe V5.06 update 7 (build 960)
Hex Converter:   FromElf.exe V5.06 update 7 (build 960)
CPU DLL:         SARMCM3.DLL V5.33.0.0
Dialog DLL:      DARMCM1.DLL V1.19.4.0
Target DLL:      CMSIS_AGDI.dll V1.32.12.0
Dialog DLL:      TARMCM1.DLL V1.14.3.0
 
<h2>Project:</h2>
F:\wulianwang\12\R\MDK-ARM\R.uvprojx
Project File Date:  03/11/2021

<h2>Output:</h2>
*** Using Compiler 'V5.06 update 7 (build 960)', folder: 'D:\KeilMDK\ARM\ARMCC\Bin'
Rebuild target 'R'
assembling startup_stm32l071xx.s...
compiling font.c...
compiling oled.c...
compiling stm32l0xx_hal_msp.c...
compiling sx127x_lora.c...
compiling stm32l0xx_hal_i2c.c...
compiling stm32l0xx_it.c...
compiling user.c...
compiling main.c...
compiling stm32l0xx_hal_i2c_ex.c...
compiling stm32l0xx_hal.c...
compiling stm32l0xx_hal_gpio.c...
compiling stm32l0xx_hal_flash.c...
compiling stm32l0xx_hal_flash_ramfunc.c...
compiling stm32l0xx_hal_dma.c...
compiling stm32l0xx_hal_flash_ex.c...
compiling stm32l0xx_hal_rcc.c...
compiling stm32l0xx_hal_rcc_ex.c...
compiling stm32l0xx_hal_pwr_ex.c...
compiling stm32l0xx_hal_pwr.c...
compiling stm32l0xx_hal_spi.c...
compiling stm32l0xx_hal_exti.c...
compiling stm32l0xx_hal_cortex.c...
compiling stm32l0xx_hal_tim.c...
compiling stm32l0xx_hal_tim_ex.c...
compiling system_stm32l0xx.c...
linking...
Program Size: Code=18076 RO-data=2692 RW-data=160 ZI-data=1736  
FromELF: creating hex file...
"R\R.axf" - 0 Error(s), 0 Warning(s).

<h2>Software Packages used:</h2>

Package Vendor: ARM
                http://www.keil.com/pack/ARM.CMSIS.5.7.0.pack
                ARM.CMSIS.5.7.0
                CMSIS (Cortex Microcontroller Software Interface Standard)
   * Component: CORE Version: 5.4.0

Package Vendor: Keil
                http://www.keil.com/pack/Keil.STM32L0xx_DFP.2.1.0.pack
                Keil.STM32L0xx_DFP.2.1.0
                STMicroelectronics STM32L0 Series Device Support, Drivers and Examples

<h2>Collection of Component include folders:</h2>
  .\RTE\_R
  D:\KeilMDK\ARM\PACK\ARM\CMSIS\5.7.0\CMSIS\Core\Include
  D:\KeilMDK\ARM\PACK\Keil\STM32L0xx_DFP\2.1.0\Drivers\CMSIS\Device\ST\STM32L0xx\Include

<h2>Collection of Component Files used:</h2>

   * Component: ARM::CMSIS:CORE:5.4.0
      Include file:  CMSIS\Core\Include\tz_context.h
Build Time Elapsed:  00:00:10
</pre>
</body>
</html>
