Component: ARM Compiler 5.06 update 7 (build 960) Tool: armlink [4d3601]

==============================================================================

Section Cross References

    startup_stm32l071xx.o(RESET) refers to startup_stm32l071xx.o(STACK) for __initial_sp
    startup_stm32l071xx.o(RESET) refers to startup_stm32l071xx.o(.text) for Reset_Handler
    startup_stm32l071xx.o(RESET) refers to stm32l0xx_it.o(i.NMI_Handler) for NMI_Handler
    startup_stm32l071xx.o(RESET) refers to stm32l0xx_it.o(i.HardFault_Handler) for HardFault_Handler
    startup_stm32l071xx.o(RESET) refers to stm32l0xx_it.o(i.SVC_Handler) for SVC_Handler
    startup_stm32l071xx.o(RESET) refers to stm32l0xx_it.o(i.PendSV_Handler) for PendSV_Handler
    startup_stm32l071xx.o(RESET) refers to stm32l0xx_it.o(i.SysTick_Handler) for SysTick_Handler
    startup_stm32l071xx.o(.text) refers to system_stm32l0xx.o(i.SystemInit) for SystemInit
    startup_stm32l071xx.o(.text) refers to entry.o(.ARM.Collect$$$$00000000) for __main
    sx127x_lora.o(i.__cad_detect_state_get) refers to sx127x_lora.o(i.__sx127x_read_reg) for __sx127x_read_reg
    sx127x_lora.o(i.__cad_detect_state_get) refers to sx127x_lora.o(i.__sx127x_write_reg) for __sx127x_write_reg
    sx127x_lora.o(i.__get_lora_pkt_rssi) refers to sx127x_lora.o(i.__sx127x_read_reg) for __sx127x_read_reg
    sx127x_lora.o(i.__get_lora_pkt_snr) refers to sx127x_lora.o(i.__sx127x_read_reg) for __sx127x_read_reg
    sx127x_lora.o(i.__rx_chain_calibration) refers to sx127x_lora.o(i.__sx127x_read_reg) for __sx127x_read_reg
    sx127x_lora.o(i.__rx_chain_calibration) refers to dfltui.o(.text) for __aeabi_ui2d
    sx127x_lora.o(i.__rx_chain_calibration) refers to dmul.o(.text) for __aeabi_dmul
    sx127x_lora.o(i.__rx_chain_calibration) refers to dfixui.o(.text) for __aeabi_d2uiz
    sx127x_lora.o(i.__rx_chain_calibration) refers to sx127x_lora.o(i.__sx127x_write_reg) for __sx127x_write_reg
    sx127x_lora.o(i.__rx_chain_calibration) refers to sx127x_lora.o(i.__sx127x_write_buffer) for __sx127x_write_buffer
    sx127x_lora.o(i.__rx_chain_calibration) refers to ddiv.o(.text) for __aeabi_ddiv
    sx127x_lora.o(i.__sx127x_bw_sensitivity_optimization) refers to sx127x_lora.o(i.__sx127x_write_reg) for __sx127x_write_reg
    sx127x_lora.o(i.__sx127x_cad_start) refers to sx127x_lora.o(i.__sx127x_read_reg) for __sx127x_read_reg
    sx127x_lora.o(i.__sx127x_cad_start) refers to uidiv.o(.text) for __aeabi_uidivmod
    sx127x_lora.o(i.__sx127x_cad_start) refers to sx127x_lora.o(i.__sx127x_lora_set_rf_frequency) for __sx127x_lora_set_rf_frequency
    sx127x_lora.o(i.__sx127x_cad_start) refers to sx127x_lora.o(i.__sx127x_lora_set_op_mode) for __sx127x_lora_set_op_mode
    sx127x_lora.o(i.__sx127x_cad_start) refers to sx127x_lora.o(i.__sx127x_write_reg) for __sx127x_write_reg
    sx127x_lora.o(i.__sx127x_cad_start) refers to sx127x_lora.o(i.__cad_detect_state_get) for __cad_detect_state_get
    sx127x_lora.o(i.__sx127x_detect_optimize_set) refers to sx127x_lora.o(i.__sx127x_read_reg) for __sx127x_read_reg
    sx127x_lora.o(i.__sx127x_detect_optimize_set) refers to sx127x_lora.o(i.__sx127x_write_reg) for __sx127x_write_reg
    sx127x_lora.o(i.__sx127x_detect_threshold_set) refers to sx127x_lora.o(i.__sx127x_write_reg) for __sx127x_write_reg
    sx127x_lora.o(i.__sx127x_ioctl) refers to sx127x_lora.o(i.__ARM_common_switch8) for __ARM_common_switch8
    sx127x_lora.o(i.__sx127x_ioctl) refers to sx127x_lora.o(i.__sx127x_cad_start) for __sx127x_cad_start
    sx127x_lora.o(i.__sx127x_ioctl) refers to sx127x_lora.o(i.__sx127x_lora_set_signal_bandwidth) for __sx127x_lora_set_signal_bandwidth
    sx127x_lora.o(i.__sx127x_ioctl) refers to sx127x_lora.o(i.__sx127x_lora_set_spreading_factor) for __sx127x_lora_set_spreading_factor
    sx127x_lora.o(i.__sx127x_ioctl) refers to sx127x_lora.o(i.__sx127x_lora_set_error_coding) for __sx127x_lora_set_error_coding
    sx127x_lora.o(i.__sx127x_ioctl) refers to sx127x_lora.o(i.__sx127x_lora_set_packet_crc_on) for __sx127x_lora_set_packet_crc_on
    sx127x_lora.o(i.__sx127x_ioctl) refers to sx127x_lora.o(i.__sx127x_sync_word_set) for __sx127x_sync_word_set
    sx127x_lora.o(i.__sx127x_lora_dio1_irq_func) refers to sx127x_lora.o(i.__sx127x_write_reg) for __sx127x_write_reg
    sx127x_lora.o(i.__sx127x_lora_dio1_irq_func) refers to sx127x_lora.o(i.__sx127x_lora_set_op_mode) for __sx127x_lora_set_op_mode
    sx127x_lora.o(i.__sx127x_lora_dio2_irq_func) refers to sx127x_lora.o(i.__sx127x_read_reg) for __sx127x_read_reg
    sx127x_lora.o(i.__sx127x_lora_dio2_irq_func) refers to uidiv.o(.text) for __aeabi_uidivmod
    sx127x_lora.o(i.__sx127x_lora_dio2_irq_func) refers to sx127x_lora.o(i.__sx127x_lora_set_rf_frequency) for __sx127x_lora_set_rf_frequency
    sx127x_lora.o(i.__sx127x_lora_dio2_irq_func) refers to sx127x_lora.o(i.__sx127x_write_reg) for __sx127x_write_reg
[...]
    Removing stm32l0xx_hal_flash_ex.o(i.HAL_FLASHEx_DATAEEPROM_EnableFixedTimeProgram), (20 bytes).
    Removing stm32l0xx_hal_flash_ex.o(i.HAL_FLASHEx_DATAEEPROM_Erase), (44 bytes).
    Removing stm32l0xx_hal_flash_ex.o(i.HAL_FLASHEx_DATAEEPROM_Lock), (20 bytes).
    Removing stm32l0xx_hal_flash_ex.o(i.HAL_FLASHEx_DATAEEPROM_Program), (108 bytes).
    Removing stm32l0xx_hal_flash_ex.o(i.HAL_FLASHEx_DATAEEPROM_Unlock), (76 bytes).
    Removing stm32l0xx_hal_flash_ex.o(i.HAL_FLASHEx_Erase), (140 bytes).
    Removing stm32l0xx_hal_flash_ex.o(i.HAL_FLASHEx_Erase_IT), (116 bytes).
    Removing stm32l0xx_hal_flash_ex.o(i.HAL_FLASHEx_OBGetConfig), (46 bytes).
    Removing stm32l0xx_hal_flash_ex.o(i.HAL_FLASHEx_OBProgram), (236 bytes).
    Removing stm32l0xx_hal_flash_ex.o(i.HAL_FLASHEx_OB_DeSelectPCROP), (80 bytes).
    Removing stm32l0xx_hal_flash_ex.o(i.HAL_FLASHEx_OB_SelectPCROP), (88 bytes).
    Removing stm32l0xx_hal_gpio.o(.rev16_text), (4 bytes).
    Removing stm32l0xx_hal_gpio.o(.revsh_text), (4 bytes).
    Removing stm32l0xx_hal_gpio.o(i.HAL_GPIO_DeInit), (296 bytes).
    Removing stm32l0xx_hal_gpio.o(i.HAL_GPIO_EXTI_Callback), (2 bytes).
    Removing stm32l0xx_hal_gpio.o(i.HAL_GPIO_EXTI_IRQHandler), (32 bytes).
    Removing stm32l0xx_hal_gpio.o(i.HAL_GPIO_LockPin), (50 bytes).
    Removing stm32l0xx_hal_gpio.o(i.HAL_GPIO_TogglePin), (20 bytes).
    Removing stm32l0xx_hal_dma.o(.rev16_text), (4 bytes).
    Removing stm32l0xx_hal_dma.o(.revsh_text), (4 bytes).
    Removing stm32l0xx_hal_dma.o(i.DMA_SetConfig), (46 bytes).
    Removing stm32l0xx_hal_dma.o(i.HAL_DMA_Abort), (88 bytes).
    Removing stm32l0xx_hal_dma.o(i.HAL_DMA_Abort_IT), (92 bytes).
    Removing stm32l0xx_hal_dma.o(i.HAL_DMA_DeInit), (124 bytes).
    Removing stm32l0xx_hal_dma.o(i.HAL_DMA_GetError), (6 bytes).
    Removing stm32l0xx_hal_dma.o(i.HAL_DMA_GetState), (8 bytes).
    Removing stm32l0xx_hal_dma.o(i.HAL_DMA_IRQHandler), (264 bytes).
    Removing stm32l0xx_hal_dma.o(i.HAL_DMA_Init), (168 bytes).
    Removing stm32l0xx_hal_dma.o(i.HAL_DMA_PollForTransfer), (256 bytes).
    Removing stm32l0xx_hal_dma.o(i.HAL_DMA_RegisterCallback), (92 bytes).
    Removing stm32l0xx_hal_dma.o(i.HAL_DMA_Start), (110 bytes).
    Removing stm32l0xx_hal_dma.o(i.HAL_DMA_Start_IT), (154 bytes).
    Removing stm32l0xx_hal_dma.o(i.HAL_DMA_UnRegisterCallback), (108 bytes).
    Removing stm32l0xx_hal_pwr.o(.rev16_text), (4 bytes).
    Removing stm32l0xx_hal_pwr.o(.revsh_text), (4 bytes).
    Removing stm32l0xx_hal_pwr.o(i.HAL_PWR_ConfigPVD), (176 bytes).
    Removing stm32l0xx_hal_pwr.o(i.HAL_PWR_DeInit), (32 bytes).
    Removing stm32l0xx_hal_pwr.o(i.HAL_PWR_DisableBkUpAccess), (20 bytes).
    Removing stm32l0xx_hal_pwr.o(i.HAL_PWR_DisablePVD), (20 bytes).
    Removing stm32l0xx_hal_pwr.o(i.HAL_PWR_DisableSEVOnPend), (20 bytes).
    Removing stm32l0xx_hal_pwr.o(i.HAL_PWR_DisableSleepOnExit), (20 bytes).
    Removing stm32l0xx_hal_pwr.o(i.HAL_PWR_DisableWakeUpPin), (16 bytes).
    Removing stm32l0xx_hal_pwr.o(i.HAL_PWR_EnableBkUpAccess), (20 bytes).
    Removing stm32l0xx_hal_pwr.o(i.HAL_PWR_EnablePVD), (20 bytes).
    Removing stm32l0xx_hal_pwr.o(i.HAL_PWR_EnableSEVOnPend), (20 bytes).
    Removing stm32l0xx_hal_pwr.o(i.HAL_PWR_EnableSleepOnExit), (20 bytes).
    Removing stm32l0xx_hal_pwr.o(i.HAL_PWR_EnableWakeUpPin), (16 bytes).
    Removing stm32l0xx_hal_pwr.o(i.HAL_PWR_EnterSLEEPMode), (128 bytes).
    Removing stm32l0xx_hal_pwr.o(i.HAL_PWR_EnterSTANDBYMode), (40 bytes).
    Removing stm32l0xx_hal_pwr.o(i.HAL_PWR_EnterSTOPMode), (136 bytes).
    Removing stm32l0xx_hal_pwr.o(i.HAL_PWR_PVDCallback), (2 bytes).
    Removing stm32l0xx_hal_pwr.o(i.HAL_PWR_PVD_IRQHandler), (36 bytes).
    Removing stm32l0xx_hal_pwr_ex.o(.rev16_text), (4 bytes).
    Removing stm32l0xx_hal_pwr_ex.o(.revsh_text), (4 bytes).
    Removing stm32l0xx_hal_pwr_ex.o(i.HAL_PWREx_DisableFastWakeUp), (20 bytes).
    Removing stm32l0xx_hal_pwr_ex.o(i.HAL_PWREx_DisableLowPowerRunMode), (96 bytes).
    Removing stm32l0xx_hal_pwr_ex.o(i.HAL_PWREx_DisableUltraLowPower), (20 bytes).
    Removing stm32l0xx_hal_pwr_ex.o(i.HAL_PWREx_EnableFastWakeUp), (20 bytes).
    Removing stm32l0xx_hal_pwr_ex.o(i.HAL_PWREx_EnableLowPowerRunMode), (32 bytes).
    Removing stm32l0xx_hal_pwr_ex.o(i.HAL_PWREx_EnableUltraLowPower), (20 bytes).
    Removing stm32l0xx_hal_pwr_ex.o(i.HAL_PWREx_GetVoltageRange), (16 bytes).
    Removing stm32l0xx_hal_cortex.o(.rev16_text), (4 bytes).
    Removing stm32l0xx_hal_cortex.o(.revsh_text), (4 bytes).
    Removing stm32l0xx_hal_cortex.o(i.HAL_MPU_ConfigRegion), (84 bytes).
    Removing stm32l0xx_hal_cortex.o(i.HAL_MPU_Disable), (28 bytes).
    Removing stm32l0xx_hal_cortex.o(i.HAL_MPU_Enable), (48 bytes).
    Removing stm32l0xx_hal_cortex.o(i.HAL_NVIC_ClearPendingIRQ), (28 bytes).
    Removing stm32l0xx_hal_cortex.o(i.HAL_NVIC_DisableIRQ), (60 bytes).
    Removing stm32l0xx_hal_cortex.o(i.HAL_NVIC_EnableIRQ), (28 bytes).
    Removing stm32l0xx_hal_cortex.o(i.HAL_NVIC_GetPendingIRQ), (48 bytes).
    Removing stm32l0xx_hal_cortex.o(i.HAL_NVIC_GetPriority), (72 bytes).
    Removing stm32l0xx_hal_cortex.o(i.HAL_NVIC_SetPendingIRQ), (28 bytes).
    Removing stm32l0xx_hal_cortex.o(i.HAL_NVIC_SystemReset), (56 bytes).
    Removing stm32l0xx_hal_cortex.o(i.HAL_SYSTICK_CLKSourceConfig), (36 bytes).
    Removing stm32l0xx_hal_cortex.o(i.HAL_SYSTICK_Callback), (2 bytes).
    Removing stm32l0xx_hal_cortex.o(i.HAL_SYSTICK_IRQHandler), (8 bytes).
    Removing stm32l0xx_hal_exti.o(.rev16_text), (4 bytes).
    Removing stm32l0xx_hal_exti.o(.revsh_text), (4 bytes).
    Removing stm32l0xx_hal_exti.o(i.HAL_EXTI_ClearConfigLine), (124 bytes).
    Removing stm32l0xx_hal_exti.o(i.HAL_EXTI_ClearPending), (28 bytes).
    Removing stm32l0xx_hal_exti.o(i.HAL_EXTI_GenerateSWI), (24 bytes).
    Removing stm32l0xx_hal_exti.o(i.HAL_EXTI_GetConfigLine), (184 bytes).
    Removing stm32l0xx_hal_exti.o(i.HAL_EXTI_GetHandle), (16 bytes).
    Removing stm32l0xx_hal_exti.o(i.HAL_EXTI_GetPending), (36 bytes).
    Removing stm32l0xx_hal_exti.o(i.HAL_EXTI_IRQHandler), (48 bytes).
    Removing stm32l0xx_hal_exti.o(i.HAL_EXTI_RegisterCallback), (22 bytes).
    Removing stm32l0xx_hal_exti.o(i.HAL_EXTI_SetConfigLine), (236 bytes).
    Removing stm32l0xx_hal_spi.o(.rev16_text), (4 bytes).
    Removing stm32l0xx_hal_spi.o(.revsh_text), (4 bytes).
    Removing stm32l0xx_hal_spi.o(i.HAL_SPI_Abort), (388 bytes).
    Removing stm32l0xx_hal_spi.o(i.HAL_SPI_AbortCpltCallback), (2 bytes).
    Removing stm32l0xx_hal_spi.o(i.HAL_SPI_Abort_IT), (404 bytes).
    Removing stm32l0xx_hal_spi.o(i.HAL_SPI_DMAPause), (50 bytes).
    Removing stm32l0xx_hal_spi.o(i.HAL_SPI_DMAResume), (50 bytes).
    Removing stm32l0xx_hal_spi.o(i.HAL_SPI_DMAStop), (80 bytes).
    Removing stm32l0xx_hal_spi.o(i.HAL_SPI_DeInit), (58 bytes).
    Removing stm32l0xx_hal_spi.o(i.HAL_SPI_ErrorCallback), (2 bytes).
    Removing stm32l0xx_hal_spi.o(i.HAL_SPI_GetError), (6 bytes).
    Removing stm32l0xx_hal_spi.o(i.HAL_SPI_GetState), (8 bytes).
    Removing stm32l0xx_hal_spi.o(i.HAL_SPI_IRQHandler), (412 bytes).
    Removing stm32l0xx_hal_spi.o(i.HAL_SPI_MspDeInit), (2 bytes).
    Removing stm32l0xx_hal_spi.o(i.HAL_SPI_MspInit), (2 bytes).
    Removing stm32l0xx_hal_spi.o(i.HAL_SPI_Receive_DMA), (296 bytes).
    Removing stm32l0xx_hal_spi.o(i.HAL_SPI_Receive_IT), (236 bytes).
    Removing stm32l0xx_hal_spi.o(i.HAL_SPI_RxCpltCallback), (2 bytes).
    Removing stm32l0xx_hal_spi.o(i.HAL_SPI_RxHalfCpltCallback), (2 bytes).
    Removing stm32l0xx_hal_spi.o(i.HAL_SPI_TransmitReceive_DMA), (380 bytes).
    Removing stm32l0xx_hal_spi.o(i.HAL_SPI_TransmitReceive_IT), (212 bytes).
    Removing stm32l0xx_hal_spi.o(i.HAL_SPI_Transmit_DMA), (264 bytes).
    Removing stm32l0xx_hal_spi.o(i.HAL_SPI_Transmit_IT), (196 bytes).
    Removing stm32l0xx_hal_spi.o(i.HAL_SPI_TxCpltCallback), (2 bytes).
    Removing stm32l0xx_hal_spi.o(i.HAL_SPI_TxHalfCpltCallback), (2 bytes).
    Removing stm32l0xx_hal_spi.o(i.HAL_SPI_TxRxCpltCallback), (2 bytes).
    Removing stm32l0xx_hal_spi.o(i.HAL_SPI_TxRxHalfCpltCallback), (2 bytes).
    Removing stm32l0xx_hal_spi.o(i.SPI_2linesRxISR_16BIT), (56 bytes).
    Removing stm32l0xx_hal_spi.o(i.SPI_2linesRxISR_8BIT), (56 bytes).
    Removing stm32l0xx_hal_spi.o(i.SPI_2linesTxISR_16BIT), (56 bytes).
    Removing stm32l0xx_hal_spi.o(i.SPI_2linesTxISR_8BIT), (56 bytes).
    Removing stm32l0xx_hal_spi.o(i.SPI_AbortRx_ISR), (108 bytes).
    Removing stm32l0xx_hal_spi.o(i.SPI_AbortTx_ISR), (32 bytes).
    Removing stm32l0xx_hal_spi.o(i.SPI_CloseRxTx_ISR), (196 bytes).
    Removing stm32l0xx_hal_spi.o(i.SPI_CloseRx_ISR), (98 bytes).
    Removing stm32l0xx_hal_spi.o(i.SPI_CloseTx_ISR), (168 bytes).
    Removing stm32l0xx_hal_spi.o(i.SPI_DMAAbortOnError), (20 bytes).
    Removing stm32l0xx_hal_spi.o(i.SPI_DMAError), (40 bytes).
    Removing stm32l0xx_hal_spi.o(i.SPI_DMAHalfReceiveCplt), (14 bytes).
    Removing stm32l0xx_hal_spi.o(i.SPI_DMAHalfTransmitCplt), (14 bytes).
    Removing stm32l0xx_hal_spi.o(i.SPI_DMAHalfTransmitReceiveCplt), (14 bytes).
    Removing stm32l0xx_hal_spi.o(i.SPI_DMAReceiveCplt), (128 bytes).
    Removing stm32l0xx_hal_spi.o(i.SPI_DMARxAbortCallback), (150 bytes).
    Removing stm32l0xx_hal_spi.o(i.SPI_DMATransmitCplt), (128 bytes).
    Removing stm32l0xx_hal_spi.o(i.SPI_DMATransmitReceiveCplt), (104 bytes).
    Removing stm32l0xx_hal_spi.o(i.SPI_DMATxAbortCallback), (180 bytes).
    Removing stm32l0xx_hal_spi.o(i.SPI_RxISR_16BIT), (38 bytes).
    Removing stm32l0xx_hal_spi.o(i.SPI_RxISR_8BIT), (38 bytes).
    Removing stm32l0xx_hal_spi.o(i.SPI_TxISR_16BIT), (38 bytes).
    Removing stm32l0xx_hal_spi.o(i.SPI_TxISR_8BIT), (38 bytes).
    Removing stm32l0xx_hal_tim.o(.rev16_text), (4 bytes).
    Removing stm32l0xx_hal_tim.o(.revsh_text), (4 bytes).
    Removing stm32l0xx_hal_tim_ex.o(.rev16_text), (4 bytes).
    Removing stm32l0xx_hal_tim_ex.o(.revsh_text), (4 bytes).
    Removing system_stm32l0xx.o(.rev16_text), (4 bytes).
    Removing system_stm32l0xx.o(.revsh_text), (4 bytes).
    Removing system_stm32l0xx.o(i.SystemCoreClockUpdate), (276 bytes).

349 unused section(s) (total 31014 bytes) removed from the image.

==============================================================================

Image Symbol Table

    Local Symbols

    Symbol Name                              Value     Ov Type        Size  Object(Section)

    ../Core/Src/main.c                       0x00000000   Number         0  main.o ABSOLUTE
    ../Core/Src/stm32l0xx_hal_msp.c          0x00000000   Number         0  stm32l0xx_hal_msp.o ABSOLUTE
    ../Core/Src/stm32l0xx_it.c               0x00000000   Number         0  stm32l0xx_it.o ABSOLUTE
    ../Core/Src/system_stm32l0xx.c           0x00000000   Number         0  system_stm32l0xx.o ABSOLUTE
    ../Drivers/STM32L0xx_HAL_Driver/Src/stm32l0xx_hal.c 0x00000000   Number         0  stm32l0xx_hal.o ABSOLUTE
    ../Drivers/STM32L0xx_HAL_Driver/Src/stm32l0xx_hal_cortex.c 0x00000000   Number         0  stm32l0xx_hal_cortex.o ABSOLUTE
    ../Drivers/STM32L0xx_HAL_Driver/Src/stm32l0xx_hal_dma.c 0x00000000   Number         0  stm32l0xx_hal_dma.o ABSOLUTE
    ../Drivers/STM32L0xx_HAL_Driver/Src/stm32l0xx_hal_exti.c 0x00000000   Number         0  stm32l0xx_hal_exti.o ABSOLUTE
    ../Drivers/STM32L0xx_HAL_Driver/Src/stm32l0xx_hal_flash.c 0x00000000   Number         0  stm32l0xx_hal_flash.o ABSOLUTE
    ../Drivers/STM32L0xx_HAL_Driver/Src/stm32l0xx_hal_flash_ex.c 0x00000000   Number         0  stm32l0xx_hal_flash_ex.o ABSOLUTE
    ../Drivers/STM32L0xx_HAL_Driver/Src/stm32l0xx_hal_flash_ramfunc.c 0x00000000   Number         0  stm32l0xx_hal_flash_ramfunc.o ABSOLUTE
    ../Drivers/STM32L0xx_HAL_Driver/Src/stm32l0xx_hal_gpio.c 0x00000000   Number         0  stm32l0xx_hal_gpio.o ABSOLUTE
    ../Drivers/STM32L0xx_HAL_Driver/Src/stm32l0xx_hal_i2c.c 0x00000000   Number         0  stm32l0xx_hal_i2c.o ABSOLUTE
    ../Drivers/STM32L0xx_HAL_Driver/Src/stm32l0xx_hal_i2c_ex.c 0x00000000   Number         0  stm32l0xx_hal_i2c_ex.o ABSOLUTE
    ../Drivers/STM32L0xx_HAL_Driver/Src/stm32l0xx_hal_pwr.c 0x00000000   Number         0  stm32l0xx_hal_pwr.o ABSOLUTE
    ../Drivers/STM32L0xx_HAL_Driver/Src/stm32l0xx_hal_pwr_ex.c 0x00000000   Number         0  stm32l0xx_hal_pwr_ex.o ABSOLUTE
    ../Drivers/STM32L0xx_HAL_Driver/Src/stm32l0xx_hal_rcc.c 0x00000000   Number         0  stm32l0xx_hal_rcc.o ABSOLUTE
    ../Drivers/STM32L0xx_HAL_Driver/Src/stm32l0xx_hal_rcc_ex.c 0x00000000   Number         0  stm32l0xx_hal_rcc_ex.o ABSOLUTE
    ../Drivers/STM32L0xx_HAL_Driver/Src/stm32l0xx_hal_spi.c 0x00000000   Number         0  stm32l0xx_hal_spi.o ABSOLUTE
    ../Drivers/STM32L0xx_HAL_Driver/Src/stm32l0xx_hal_tim.c 0x00000000   Number         0  stm32l0xx_hal_tim.o ABSOLUTE
    ../Drivers/STM32L0xx_HAL_Driver/Src/stm32l0xx_hal_tim_ex.c 0x00000000   Number         0  stm32l0xx_hal_tim_ex.o ABSOLUTE
    ../clib/microlib/division.c              0x00000000   Number         0  uldiv.o ABSOLUTE
    ../clib/microlib/division.c              0x00000000   Number         0  uidiv.o ABSOLUTE
    ../clib/microlib/init/entry.s            0x00000000   Number         0  entry9a.o ABSOLUTE
    ../clib/microlib/init/entry.s            0x00000000   Number         0  entry7b.o ABSOLUTE
    ../clib/microlib/init/entry.s            0x00000000   Number         0  entry12a.o ABSOLUTE
    ../clib/microlib/init/entry.s            0x00000000   Number         0  entry8a.o ABSOLUTE
    ../clib/microlib/init/entry.s            0x00000000   Number         0  entry10b.o ABSOLUTE
    ../clib/microlib/init/entry.s            0x00000000   Number         0  entry8b.o ABSOLUTE
    ../clib/microlib/init/entry.s            0x00000000   Number         0  entry2.o ABSOLUTE
    ../clib/microlib/init/entry.s            0x00000000   Number         0  entry9b.o ABSOLUTE
    ../clib/microlib/init/entry.s            0x00000000   Number         0  entry12b.o ABSOLUTE
    ../clib/microlib/init/entry.s            0x00000000   Number         0  entry10a.o ABSOLUTE
    ../clib/microlib/init/entry.s            0x00000000   Number         0  entry7a.o ABSOLUTE
    ../clib/microlib/init/entry.s            0x00000000   Number         0  entry11a.o ABSOLUTE
    ../clib/microlib/init/entry.s            0x00000000   Number         0  entry.o ABSOLUTE
    ../clib/microlib/init/entry.s            0x00000000   Number         0  entry11b.o ABSOLUTE
    ../clib/microlib/init/entry.s            0x00000000   Number         0  entry5.o ABSOLUTE
    ../clib/microlib/longlong.c              0x00000000   Number         0  llshl.o ABSOLUTE
    ../clib/microlib/longlong.c              0x00000000   Number         0  llsshr.o ABSOLUTE
    ../clib/microlib/longlong.c              0x00000000   Number         0  llushr.o ABSOLUTE
    ../clib/microlib/longlong.c              0x00000000   Number         0  llmul.o ABSOLUTE
    ../clib/microlib/string/memcpy.c         0x00000000   Number         0  memcpyb.o ABSOLUTE
    ../clib/microlib/string/memcpy.c         0x00000000   Number         0  memcpya.o ABSOLUTE
    ../clib/microlib/string/memset.c         0x00000000   Number         0  memseta.o ABSOLUTE
    ../clib/microlib/stubs.s                 0x00000000   Number         0  iusefp.o ABSOLUTE
    ../fplib/microlib/fpadd.c                0x00000000   Number         0  dadd.o ABSOLUTE
    ../fplib/microlib/fpdiv.c                0x00000000   Number         0  ddiv.o ABSOLUTE
    ../fplib/microlib/fpepilogue.c           0x00000000   Number         0  fepilogue.o ABSOLUTE
    ../fplib/microlib/fpepilogue.c           0x00000000   Number         0  depilogue.o ABSOLUTE
    ../fplib/microlib/fpfix.c                0x00000000   Number         0  ffixi.o ABSOLUTE
    ../fplib/microlib/fpfix.c                0x00000000   Number         0  dfixui.o ABSOLUTE
    ../fplib/microlib/fpflt.c                0x00000000   Number         0  dfltui.o ABSOLUTE
    ../fplib/microlib/fpflt.c                0x00000000   Number         0  ffltui.o ABSOLUTE
    ../fplib/microlib/fpmul.c                0x00000000   Number         0  dmul.o ABSOLUTE
    ..\Core\Src\main.c                       0x00000000   Number         0  main.o ABSOLUTE
    ..\Core\Src\stm32l0xx_hal_msp.c          0x00000000   Number         0  stm32l0xx_hal_msp.o ABSOLUTE
    ..\Core\Src\stm32l0xx_it.c               0x00000000   Number         0  stm32l0xx_it.o ABSOLUTE
    ..\Core\Src\system_stm32l0xx.c           0x00000000   Number         0  system_stm32l0xx.o ABSOLUTE
    ..\Drivers\STM32L0xx_HAL_Driver\Src\stm32l0xx_hal.c 0x00000000   Number         0  stm32l0xx_hal.o ABSOLUTE
    ..\Drivers\STM32L0xx_HAL_Driver\Src\stm32l0xx_hal_cortex.c 0x00000000   Number         0  stm32l0xx_hal_cortex.o ABSOLUTE
    ..\Drivers\STM32L0xx_HAL_Driver\Src\stm32l0xx_hal_dma.c 0x00000000   Number         0  stm32l0xx_hal_dma.o ABSOLUTE
    ..\Drivers\STM32L0xx_HAL_Driver\Src\stm32l0xx_hal_exti.c 0x00000000   Number         0  stm32l0xx_hal_exti.o ABSOLUTE
    ..\Drivers\STM32L0xx_HAL_Driver\Src\stm32l0xx_hal_flash.c 0x00000000   Number         0  stm32l0xx_hal_flash.o ABSOLUTE
    ..\Drivers\STM32L0xx_HAL_Driver\Src\stm32l0xx_hal_flash_ex.c 0x00000000   Number         0  stm32l0xx_hal_flash_ex.o ABSOLUTE
    ..\Drivers\STM32L0xx_HAL_Driver\Src\stm32l0xx_hal_flash_ramfunc.c 0x00000000   Number         0  stm32l0xx_hal_flash_ramfunc.o ABSOLUTE
    ..\Drivers\STM32L0xx_HAL_Driver\Src\stm32l0xx_hal_gpio.c 0x00000000   Number         0  stm32l0xx_hal_gpio.o ABSOLUTE
    ..\Drivers\STM32L0xx_HAL_Driver\Src\stm32l0xx_hal_i2c.c 0x00000000   Number         0  stm32l0xx_hal_i2c.o ABSOLUTE
    ..\Drivers\STM32L0xx_HAL_Driver\Src\stm32l0xx_hal_i2c_ex.c 0x00000000   Number         0  stm32l0xx_hal_i2c_ex.o ABSOLUTE
    ..\Drivers\STM32L0xx_HAL_Driver\Src\stm32l0xx_hal_pwr.c 0x00000000   Number         0  stm32l0xx_hal_pwr.o ABSOLUTE
    ..\Drivers\STM32L0xx_HAL_Driver\Src\stm32l0xx_hal_pwr_ex.c 0x00000000   Number         0  stm32l0xx_hal_pwr_ex.o ABSOLUTE
    ..\Drivers\STM32L0xx_HAL_Driver\Src\stm32l0xx_hal_rcc.c 0x00000000   Number         0  stm32l0xx_hal_rcc.o ABSOLUTE
    ..\Drivers\STM32L0xx_HAL_Driver\Src\stm32l0xx_hal_rcc_ex.c 0x00000000   Number         0  stm32l0xx_hal_rcc_ex.o ABSOLUTE
    ..\Drivers\STM32L0xx_HAL_Driver\Src\stm32l0xx_hal_spi.c 0x00000000   Number         0  stm32l0xx_hal_spi.o ABSOLUTE
    ..\Drivers\STM32L0xx_HAL_Driver\Src\stm32l0xx_hal_tim.c 0x00000000   Number         0  stm32l0xx_hal_tim.o ABSOLUTE
    ..\Drivers\STM32L0xx_HAL_Driver\Src\stm32l0xx_hal_tim_ex.c 0x00000000   Number         0  stm32l0xx_hal_tim_ex.o ABSOLUTE
    ..\USER\src\font.c                       0x00000000   Number         0  font.o ABSOLUTE
    ..\USER\src\oled.c                       0x00000000   Number         0  oled.o ABSOLUTE
    ..\USER\src\user.c                       0x00000000   Number         0  user.o ABSOLUTE
    ..\\USER\\src\\oled.c                    0x00000000   Number         0  oled.o ABSOLUTE
    ..\\USER\\src\\user.c                    0x00000000   Number         0  user.o ABSOLUTE
    ..\\loar\\src\\sx127x_lora.c             0x00000000   Number         0  sx127x_lora.o ABSOLUTE
    ..\loar\src\sx127x_lora.c                0x00000000   Number         0  sx127x_lora.o ABSOLUTE
    dc.s                                     0x00000000   Number         0  dc.o ABSOLUTE
    handlers.s                               0x00000000   Number         0  handlers.o ABSOLUTE
    init.s                                   0x00000000   Number         0  init.o ABSOLUTE
    startup_stm32l071xx.s                    0x00000000   Number         0  startup_stm32l071xx.o ABSOLUTE
    RESET                                    0x08000000   Section      192  startup_stm32l071xx.o(RESET)
    .ARM.Collect$$$$00000000                 0x080000c0   Section        0  entry.o(.ARM.Collect$$$$00000000)
    .ARM.Collect$$$$00000001                 0x080000c0   Section        4  entry2.o(.ARM.Collect$$$$00000001)
    .ARM.Collect$$$$00000004                 0x080000c4   Section        4  entry5.o(.ARM.Collect$$$$00000004)
    .ARM.Collect$$$$00000008                 0x080000c8   Section        0  entry7b.o(.ARM.Collect$$$$00000008)
    .ARM.Collect$$$$0000000A                 0x080000c8   Section        0  entry8b.o(.ARM.Collect$$$$0000000A)
    .ARM.Collect$$$$0000000B                 0x080000c8   Section        8  entry9a.o(.ARM.Collect$$$$0000000B)
    .ARM.Collect$$$$0000000E                 0x080000d0   Section        4  entry12b.o(.ARM.Collect$$$$0000000E)
    .ARM.Collect$$$$0000000F                 0x080000d4   Section        0  entry10a.o(.ARM.Collect$$$$0000000F)
    .ARM.Collect$$$$00000011                 0x080000d4   Section        0  entry11a.o(.ARM.Collect$$$$00000011)
    .ARM.Collect$$$$00002712                 0x080000d4   Section        4  entry2.o(.ARM.Collect$$$$00002712)
    __lit__00000000                          0x080000d4   Data           4  entry2.o(.ARM.Collect$$$$00002712)
    .text                                    0x080000d8   Section       28  startup_stm32l071xx.o(.text)
    .text                                    0x080000f4   Section        0  uidiv.o(.text)
    .text                                    0x08000120   Section        0  uldiv.o(.text)
    .text                                    0x08000180   Section        0  llmul.o(.text)
    .text                                    0x080001fa   Section        0  memcpya.o(.text)
    .text                                    0x0800021e   Section        0  memseta.o(.text)
    .text                                    0x08000244   Section        0  dadd.o(.text)
    .text                                    0x080003ac   Section        0  dmul.o(.text)
    .text                                    0x0800047c   Section        0  ddiv.o(.text)
    .text                                    0x0800056c   Section        0  ffltui.o(.text)
    .text                                    0x0800057c   Section        0  dfltui.o(.text)
    .text                                    0x08000598   Section        0  ffixi.o(.text)
    .text                                    0x080005cc   Section        0  dfixui.o(.text)
    .text                                    0x08000608   Section        0  llshl.o(.text)
    .text                                    0x08000628   Section        0  llushr.o(.text)
    .text                                    0x0800064a   Section        0  llsshr.o(.text)
    .text                                    0x08000670   Section        0  iusefp.o(.text)
    .text                                    0x08000670   Section        0  fepilogue.o(.text)
    .text                                    0x080006f2   Section        0  depilogue.o(.text)
    .text                                    0x080007b0   Section       36  init.o(.text)
    i.Compare_Cmd                            0x080007d4   Section        0  user.o(i.Compare_Cmd)
    i.Error_Handler                          0x0800085c   Section        0  main.o(i.Error_Handler)
    i.HAL_Delay                              0x08000864   Section        0  stm32l0xx_hal.o(i.HAL_Delay)
    i.HAL_GPIO_Init                          0x08000890   Section        0  stm32l0xx_hal_gpio.o(i.HAL_GPIO_Init)
    i.HAL_GPIO_ReadPin                       0x08000a88   Section        0  stm32l0xx_hal_gpio.o(i.HAL_GPIO_ReadPin)
    i.HAL_GPIO_WritePin                      0x08000a9a   Section        0  stm32l0xx_hal_gpio.o(i.HAL_GPIO_WritePin)
    i.HAL_GetTick                            0x08000aa8   Section        0  stm32l0xx_hal.o(i.HAL_GetTick)
    i.HAL_I2CEx_ConfigAnalogFilter           0x08000ab4   Section        0  stm32l0xx_hal_i2c_ex.o(i.HAL_I2CEx_ConfigAnalogFilter)
    i.HAL_I2CEx_ConfigDigitalFilter          0x08000b22   Section        0  stm32l0xx_hal_i2c_ex.o(i.HAL_I2CEx_ConfigDigitalFilter)
    i.HAL_I2C_Init                           0x08000b94   Section        0  stm32l0xx_hal_i2c.o(i.HAL_I2C_Init)
    i.HAL_I2C_Master_Transmit                0x08000c68   Section        0  stm32l0xx_hal_i2c.o(i.HAL_I2C_Master_Transmit)
    i.HAL_I2C_MspInit                        0x08000dd4   Section        0  stm32l0xx_hal_msp.o(i.HAL_I2C_MspInit)
    i.HAL_IncTick                            0x08000e7c   Section        0  stm32l0xx_hal.o(i.HAL_IncTick)
    i.HAL_Init                               0x08000e94   Section        0  stm32l0xx_hal.o(i.HAL_Init)
    i.HAL_InitTick                           0x08000ec0   Section        0  stm32l0xx_hal.o(i.HAL_InitTick)
    i.HAL_MspInit                            0x08000f14   Section        0  stm32l0xx_hal_msp.o(i.HAL_MspInit)
    i.HAL_NVIC_SetPriority                   0x08000f34   Section        0  stm32l0xx_hal_cortex.o(i.HAL_NVIC_SetPriority)
    i.HAL_RCCEx_PeriphCLKConfig              0x08000f48   Section        0  stm32l0xx_hal_rcc_ex.o(i.HAL_RCCEx_PeriphCLKConfig)
    i.HAL_RCC_ClockConfig                    0x08001194   Section        0  stm32l0xx_hal_rcc.o(i.HAL_RCC_ClockConfig)
    i.HAL_RCC_GetSysClockFreq                0x080013c8   Section        0  stm32l0xx_hal_rcc.o(i.HAL_RCC_GetSysClockFreq)
    i.HAL_RCC_OscConfig                      0x080014b8   Section        0  stm32l0xx_hal_rcc.o(i.HAL_RCC_OscConfig)
    i.HAL_SPI_Init                           0x08001b00   Section        0  stm32l0xx_hal_spi.o(i.HAL_SPI_Init)
    i.HAL_SPI_MspInit                        0x08001bd0   Section        0  stm32l0xx_hal_msp.o(i.HAL_SPI_MspInit)
    i.HAL_SPI_Receive                        0x08001c38   Section        0  stm32l0xx_hal_spi.o(i.HAL_SPI_Receive)
    i.HAL_SPI_Transmit                       0x08001dc8   Section        0  stm32l0xx_hal_spi.o(i.HAL_SPI_Transmit)
    i.HAL_SPI_TransmitReceive                0x08001f94   Section        0  stm32l0xx_hal_spi.o(i.HAL_SPI_TransmitReceive)
    i.HAL_SYSTICK_Config                     0x080021e4   Section        0  stm32l0xx_hal_cortex.o(i.HAL_SYSTICK_Config)
    i.HardFault_Handler                      0x0800221c   Section        0  stm32l0xx_it.o(i.HardFault_Handler)
    i.I2C_Flush_TXDR                         0x08002220   Section        0  stm32l0xx_hal_i2c.o(i.I2C_Flush_TXDR)
    I2C_Flush_TXDR                           0x08002221   Thumb Code    50  stm32l0xx_hal_i2c.o(i.I2C_Flush_TXDR)
    i.I2C_IsAcknowledgeFailed                0x08002254   Section        0  stm32l0xx_hal_i2c.o(i.I2C_IsAcknowledgeFailed)
    I2C_IsAcknowledgeFailed                  0x08002255   Thumb Code   154  stm32l0xx_hal_i2c.o(i.I2C_IsAcknowledgeFailed)
    i.I2C_TransferConfig                     0x080022f4   Section        0  stm32l0xx_hal_i2c.o(i.I2C_TransferConfig)
    I2C_TransferConfig                       0x080022f5   Thumb Code    52  stm32l0xx_hal_i2c.o(i.I2C_TransferConfig)
    i.I2C_WaitOnFlagUntilTimeout             0x0800232c   Section        0  stm32l0xx_hal_i2c.o(i.I2C_WaitOnFlagUntilTimeout)
    I2C_WaitOnFlagUntilTimeout               0x0800232d   Thumb Code    88  stm32l0xx_hal_i2c.o(i.I2C_WaitOnFlagUntilTimeout)
    i.I2C_WaitOnSTOPFlagUntilTimeout         0x08002384   Section        0  stm32l0xx_hal_i2c.o(i.I2C_WaitOnSTOPFlagUntilTimeout)
    I2C_WaitOnSTOPFlagUntilTimeout           0x08002385   Thumb Code    90  stm32l0xx_hal_i2c.o(i.I2C_WaitOnSTOPFlagUntilTimeout)
    i.I2C_WaitOnTXISFlagUntilTimeout         0x080023de   Section        0  stm32l0xx_hal_i2c.o(i.I2C_WaitOnTXISFlagUntilTimeout)
    I2C_WaitOnTXISFlagUntilTimeout           0x080023df   Thumb Code    96  stm32l0xx_hal_i2c.o(i.I2C_WaitOnTXISFlagUntilTimeout)
    i.MX_GPIO_Init                           0x08002440   Section        0  main.o(i.MX_GPIO_Init)
    MX_GPIO_Init                             0x08002441   Thumb Code   188  main.o(i.MX_GPIO_Init)
    i.MX_I2C3_Init                           0x08002508   Section        0  main.o(i.MX_I2C3_Init)
    MX_I2C3_Init                             0x08002509   Thumb Code    80  main.o(i.MX_I2C3_Init)
    i.MX_SPI1_Init                           0x08002564   Section        0  main.o(i.MX_SPI1_Init)
    MX_SPI1_Init                             0x08002565   Thumb Code    62  main.o(i.MX_SPI1_Init)
    i.NMI_Handler                            0x080025ac   Section        0  stm32l0xx_it.o(i.NMI_Handler)
    i.OLED_Clear                             0x080025b0   Section        0  oled.o(i.OLED_Clear)
    i.OLED_Init                              0x080025f0   Section        0  oled.o(i.OLED_Init)
    i.OLED_PowerControl                      0x080026b0   Section        0  oled.o(i.OLED_PowerControl)
    i.OLED_SetPos                            0x080026d4   Section        0  oled.o(i.OLED_SetPos)
    i.OLED_ShowChar                          0x08002704   Section        0  oled.o(i.OLED_ShowChar)
    i.OLED_ShowString                        0x080027a0   Section        0  oled.o(i.OLED_ShowString)
    i.OLED_Write                             0x080027d8   Section        0  oled.o(i.OLED_Write)
    i.PendSV_Handler                         0x0800280c   Section        0  stm32l0xx_it.o(i.PendSV_Handler)
    i.SPI_EndRxTransaction                   0x0800280e   Section        0  stm32l0xx_hal_spi.o(i.SPI_EndRxTransaction)
    SPI_EndRxTransaction                     0x0800280f   Thumb Code   162  stm32l0xx_hal_spi.o(i.SPI_EndRxTransaction)
    i.SPI_EndRxTxTransaction                 0x080028b0   Section        0  stm32l0xx_hal_spi.o(i.SPI_EndRxTxTransaction)
    SPI_EndRxTxTransaction                   0x080028b1   Thumb Code   110  stm32l0xx_hal_spi.o(i.SPI_EndRxTxTransaction)
    i.SPI_WaitFlagStateUntilTimeout          0x08002928   Section        0  stm32l0xx_hal_spi.o(i.SPI_WaitFlagStateUntilTimeout)
    SPI_WaitFlagStateUntilTimeout            0x08002929   Thumb Code   214  stm32l0xx_hal_spi.o(i.SPI_WaitFlagStateUntilTimeout)
    i.SVC_Handler                            0x08002a04   Section        0  stm32l0xx_it.o(i.SVC_Handler)
    i.SysTick_Handler                        0x08002a08   Section        0  stm32l0xx_it.o(i.SysTick_Handler)
    i.SystemClock_Config                     0x08002a98   Section        0  main.o(i.SystemClock_Config)
    i.SystemInit                             0x08002b30   Section        0  system_stm32l0xx.o(i.SystemInit)
    i.Task_Recv                              0x08002b34   Section        0  user.o(i.Task_Recv)
    i.Task_Send                              0x08002bf4   Section        0  user.o(i.Task_Send)
    i.__ARM_clz                              0x08002c10   Section        0  depilogue.o(i.__ARM_clz)
    i.__ARM_common_ll_mulss                  0x08002c3e   Section        0  sx127x_lora.o(i.__ARM_common_ll_mulss)
    i.__ARM_common_ll_muluu                  0x08002c6e   Section        0  sx127x_lora.o(i.__ARM_common_ll_muluu)
    i.__ARM_common_switch8                   0x08002c9e   Section        0  sx127x_lora.o(i.__ARM_common_switch8)
    i.__NVIC_SetPriority                     0x08002cbc   Section        0  stm32l0xx_hal_cortex.o(i.__NVIC_SetPriority)
    __NVIC_SetPriority                       0x08002cbd   Thumb Code   110  stm32l0xx_hal_cortex.o(i.__NVIC_SetPriority)
    i.__cad_detect_state_get                 0x08002d34   Section        0  sx127x_lora.o(i.__cad_detect_state_get)
    __cad_detect_state_get                   0x08002d35   Thumb Code    40  sx127x_lora.o(i.__cad_detect_state_get)
    i.__cad_done_call_func                   0x08002d5c   Section        0  sx127x_lora.o(i.__cad_done_call_func)
    __cad_done_call_func                     0x08002d5d   Thumb Code     2  sx127x_lora.o(i.__cad_done_call_func)
    i.__delay_ms                             0x08002d5e   Section        0  sx127x_lora.o(i.__delay_ms)
    __delay_ms                               0x08002d5f   Thumb Code    16  sx127x_lora.o(i.__delay_ms)
    i.__delay_us                             0x08002d6e   Section        0  sx127x_lora.o(i.__delay_us)
    __delay_us                               0x08002d6f   Thumb Code    16  sx127x_lora.o(i.__delay_us)
    i.__fhss_change_channel_call_func        0x08002d7e   Section        0  sx127x_lora.o(i.__fhss_change_channel_call_func)
    __fhss_change_channel_call_func          0x08002d7f   Thumb Code     2  sx127x_lora.o(i.__fhss_change_channel_call_func)
    i.__get_lora_pkt_rssi                    0x08002d80   Section        0  sx127x_lora.o(i.__get_lora_pkt_rssi)
    __get_lora_pkt_rssi                      0x08002d81   Thumb Code   100  sx127x_lora.o(i.__get_lora_pkt_rssi)
    i.__get_lora_pkt_snr                     0x08002de8   Section        0  sx127x_lora.o(i.__get_lora_pkt_snr)
    __get_lora_pkt_snr                       0x08002de9   Thumb Code    42  sx127x_lora.o(i.__get_lora_pkt_snr)
    i.__recv_byte                            0x08002e12   Section        0  sx127x_lora.o(i.__recv_byte)
    __recv_byte                              0x08002e13   Thumb Code    12  sx127x_lora.o(i.__recv_byte)
    i.__rx_chain_calibration                 0x08002e20   Section        0  sx127x_lora.o(i.__rx_chain_calibration)
    __rx_chain_calibration                   0x08002e21   Thumb Code   274  sx127x_lora.o(i.__rx_chain_calibration)
    i.__rx_crc_err_call_func                 0x08002f38   Section        0  sx127x_lora.o(i.__rx_crc_err_call_func)
    __rx_crc_err_call_func                   0x08002f39   Thumb Code     2  sx127x_lora.o(i.__rx_crc_err_call_func)
    i.__rx_done_call_func                    0x08002f3a   Section        0  sx127x_lora.o(i.__rx_done_call_func)
    __rx_done_call_func                      0x08002f3b   Thumb Code     2  sx127x_lora.o(i.__rx_done_call_func)
    i.__rx_timeout_call_func                 0x08002f3c   Section        0  sx127x_lora.o(i.__rx_timeout_call_func)
    __rx_timeout_call_func                   0x08002f3d   Thumb Code     2  sx127x_lora.o(i.__rx_timeout_call_func)
    i.__scatterload_copy                     0x08002f3e   Section       14  handlers.o(i.__scatterload_copy)
    i.__scatterload_null                     0x08002f4c   Section        2  handlers.o(i.__scatterload_null)
    i.__scatterload_zeroinit                 0x08002f4e   Section       14  handlers.o(i.__scatterload_zeroinit)
    i.__send_byte                            0x08002f5c   Section        0  sx127x_lora.o(i.__send_byte)
    __send_byte                              0x08002f5d   Thumb Code    16  sx127x_lora.o(i.__send_byte)
    i.__sx127x_bw_sensitivity_optimization   0x08002f6c   Section        0  sx127x_lora.o(i.__sx127x_bw_sensitivity_optimization)
    __sx127x_bw_sensitivity_optimization     0x08002f6d   Thumb Code    82  sx127x_lora.o(i.__sx127x_bw_sensitivity_optimization)
    i.__sx127x_cad_start                     0x08002fc4   Section        0  sx127x_lora.o(i.__sx127x_cad_start)
    __sx127x_cad_start                       0x08002fc5   Thumb Code   242  sx127x_lora.o(i.__sx127x_cad_start)
    i.__sx127x_detect_optimize_set           0x080030b6   Section        0  sx127x_lora.o(i.__sx127x_detect_optimize_set)
    __sx127x_detect_optimize_set             0x080030b7   Thumb Code    34  sx127x_lora.o(i.__sx127x_detect_optimize_set)
    i.__sx127x_detect_threshold_set          0x080030d8   Section        0  sx127x_lora.o(i.__sx127x_detect_threshold_set)
    __sx127x_detect_threshold_set            0x080030d9   Thumb Code    18  sx127x_lora.o(i.__sx127x_detect_threshold_set)
    i.__sx127x_ioctl                         0x080030ea   Section        0  sx127x_lora.o(i.__sx127x_ioctl)
    __sx127x_ioctl                           0x080030eb   Thumb Code   128  sx127x_lora.o(i.__sx127x_ioctl)
    i.__sx127x_lora_dio0_irq_func            0x0800316a   Section        0  sx127x_lora.o(i.__sx127x_lora_dio0_irq_func)
    i.__sx127x_lora_dio1_irq_func            0x0800317e   Section        0  sx127x_lora.o(i.__sx127x_lora_dio1_irq_func)
    i.__sx127x_lora_dio2_irq_func            0x080031d0   Section        0  sx127x_lora.o(i.__sx127x_lora_dio2_irq_func)
    i.__sx127x_lora_get_preamble_length      0x08003246   Section        0  sx127x_lora.o(i.__sx127x_lora_get_preamble_length)
    __sx127x_lora_get_preamble_length        0x08003247   Thumb Code    34  sx127x_lora.o(i.__sx127x_lora_get_preamble_length)
    i.__sx127x_lora_init                     0x08003268   Section        0  sx127x_lora.o(i.__sx127x_lora_init)
    __sx127x_lora_init                       0x08003269   Thumb Code   164  sx127x_lora.o(i.__sx127x_lora_init)
    i.__sx127x_lora_read_cur_rssi            0x08003310   Section        0  sx127x_lora.o(i.__sx127x_lora_read_cur_rssi)
    __sx127x_lora_read_cur_rssi              0x08003311   Thumb Code    46  sx127x_lora.o(i.__sx127x_lora_read_cur_rssi)
    i.__sx127x_lora_rx_data_read             0x08003344   Section        0  sx127x_lora.o(i.__sx127x_lora_rx_data_read)
    __sx127x_lora_rx_data_read               0x08003345   Thumb Code   418  sx127x_lora.o(i.__sx127x_lora_rx_data_read)
    i.__sx127x_lora_rx_state_enter           0x080034e8   Section        0  sx127x_lora.o(i.__sx127x_lora_rx_state_enter)
    __sx127x_lora_rx_state_enter             0x080034e9   Thumb Code   854  sx127x_lora.o(i.__sx127x_lora_rx_state_enter)
    i.__sx127x_lora_set_error_coding         0x08003858   Section        0  sx127x_lora.o(i.__sx127x_lora_set_error_coding)
    __sx127x_lora_set_error_coding           0x08003859   Thumb Code    46  sx127x_lora.o(i.__sx127x_lora_set_error_coding)
    i.__sx127x_lora_set_implicit_header_on   0x08003886   Section        0  sx127x_lora.o(i.__sx127x_lora_set_implicit_header_on)
    __sx127x_lora_set_implicit_header_on     0x08003887   Thumb Code    44  sx127x_lora.o(i.__sx127x_lora_set_implicit_header_on)
    i.__sx127x_lora_set_low_datarate_optimize 0x080038b2   Section        0  sx127x_lora.o(i.__sx127x_lora_set_low_datarate_optimize)
    __sx127x_lora_set_low_datarate_optimize  0x080038b3   Thumb Code    40  sx127x_lora.o(i.__sx127x_lora_set_low_datarate_optimize)
    i.__sx127x_lora_set_op_mode              0x080038dc   Section        0  sx127x_lora.o(i.__sx127x_lora_set_op_mode)
    __sx127x_lora_set_op_mode                0x080038dd   Thumb Code    58  sx127x_lora.o(i.__sx127x_lora_set_op_mode)
    i.__sx127x_lora_set_pa_20dbm             0x0800391c   Section        0  sx127x_lora.o(i.__sx127x_lora_set_pa_20dbm)
    __sx127x_lora_set_pa_20dbm               0x0800391d   Thumb Code    48  sx127x_lora.o(i.__sx127x_lora_set_pa_20dbm)
    i.__sx127x_lora_set_pa_output            0x0800394c   Section        0  sx127x_lora.o(i.__sx127x_lora_set_pa_output)
    __sx127x_lora_set_pa_output              0x0800394d   Thumb Code    36  sx127x_lora.o(i.__sx127x_lora_set_pa_output)
    i.__sx127x_lora_set_packet_crc_on        0x08003970   Section        0  sx127x_lora.o(i.__sx127x_lora_set_packet_crc_on)
    __sx127x_lora_set_packet_crc_on          0x08003971   Thumb Code    46  sx127x_lora.o(i.__sx127x_lora_set_packet_crc_on)
    i.__sx127x_lora_set_payload_length       0x0800399e   Section        0  sx127x_lora.o(i.__sx127x_lora_set_payload_length)
    __sx127x_lora_set_payload_length         0x0800399f   Thumb Code    20  sx127x_lora.o(i.__sx127x_lora_set_payload_length)
    i.__sx127x_lora_set_preamble_length      0x080039b2   Section        0  sx127x_lora.o(i.__sx127x_lora_set_preamble_length)
    __sx127x_lora_set_preamble_length        0x080039b3   Thumb Code    50  sx127x_lora.o(i.__sx127x_lora_set_preamble_length)
    i.__sx127x_lora_set_rf_frequency         0x080039e4   Section        0  sx127x_lora.o(i.__sx127x_lora_set_rf_frequency)
    __sx127x_lora_set_rf_frequency           0x080039e5   Thumb Code    72  sx127x_lora.o(i.__sx127x_lora_set_rf_frequency)
    i.__sx127x_lora_set_rf_power             0x08003a30   Section        0  sx127x_lora.o(i.__sx127x_lora_set_rf_power)
    __sx127x_lora_set_rf_power               0x08003a31   Thumb Code   206  sx127x_lora.o(i.__sx127x_lora_set_rf_power)
    i.__sx127x_lora_set_signal_bandwidth     0x08003afe   Section        0  sx127x_lora.o(i.__sx127x_lora_set_signal_bandwidth)
    __sx127x_lora_set_signal_bandwidth       0x08003aff   Thumb Code    44  sx127x_lora.o(i.__sx127x_lora_set_signal_bandwidth)
    i.__sx127x_lora_set_spreading_factor     0x08003b2a   Section        0  sx127x_lora.o(i.__sx127x_lora_set_spreading_factor)
    __sx127x_lora_set_spreading_factor       0x08003b2b   Thumb Code    96  sx127x_lora.o(i.__sx127x_lora_set_spreading_factor)
    i.__sx127x_lora_set_symb_timeout         0x08003b8a   Section        0  sx127x_lora.o(i.__sx127x_lora_set_symb_timeout)
    __sx127x_lora_set_symb_timeout           0x08003b8b   Thumb Code    82  sx127x_lora.o(i.__sx127x_lora_set_symb_timeout)
    i.__sx127x_lora_tx_data                  0x08003bdc   Section        0  sx127x_lora.o(i.__sx127x_lora_tx_data)
    __sx127x_lora_tx_data                    0x08003bdd   Thumb Code   556  sx127x_lora.o(i.__sx127x_lora_tx_data)
    i.__sx127x_mode_set                      0x08003e08   Section        0  sx127x_lora.o(i.__sx127x_mode_set)
    __sx127x_mode_set                        0x08003e09   Thumb Code   120  sx127x_lora.o(i.__sx127x_mode_set)
    i.__sx127x_pkt_buf_read                  0x08003e80   Section        0  sx127x_lora.o(i.__sx127x_pkt_buf_read)
    __sx127x_pkt_buf_read                    0x08003e81   Thumb Code   104  sx127x_lora.o(i.__sx127x_pkt_buf_read)
    i.__sx127x_power_set_adapter             0x08003ee8   Section        0  sx127x_lora.o(i.__sx127x_power_set_adapter)
    __sx127x_power_set_adapter               0x08003ee9   Thumb Code    68  sx127x_lora.o(i.__sx127x_power_set_adapter)
    i.__sx127x_read_buffer                   0x08003f30   Section        0  sx127x_lora.o(i.__sx127x_read_buffer)
    __sx127x_read_buffer                     0x08003f31   Thumb Code    62  sx127x_lora.o(i.__sx127x_read_buffer)
    i.__sx127x_read_fifo                     0x08003f6e   Section        0  sx127x_lora.o(i.__sx127x_read_fifo)
    __sx127x_read_fifo                       0x08003f6f   Thumb Code    22  sx127x_lora.o(i.__sx127x_read_fifo)
    i.__sx127x_read_reg                      0x08003f84   Section        0  sx127x_lora.o(i.__sx127x_read_reg)
    __sx127x_read_reg                        0x08003f85   Thumb Code    24  sx127x_lora.o(i.__sx127x_read_reg)
    i.__sx127x_reset                         0x08003f9c   Section        0  sx127x_lora.o(i.__sx127x_reset)
    i.__sx127x_rx_invert_iq_set              0x08003fd0   Section        0  sx127x_lora.o(i.__sx127x_rx_invert_iq_set)
    __sx127x_rx_invert_iq_set                0x08003fd1   Thumb Code    90  sx127x_lora.o(i.__sx127x_rx_invert_iq_set)
    i.__sx127x_set_lora_on                   0x0800402a   Section        0  sx127x_lora.o(i.__sx127x_set_lora_on)
    __sx127x_set_lora_on                     0x0800402b   Thumb Code    44  sx127x_lora.o(i.__sx127x_set_lora_on)
    i.__sx127x_state_get                     0x08004056   Section        0  sx127x_lora.o(i.__sx127x_state_get)
    __sx127x_state_get                       0x08004057   Thumb Code   100  sx127x_lora.o(i.__sx127x_state_get)
    i.__sx127x_sync_id_get                   0x080040ba   Section        0  sx127x_lora.o(i.__sx127x_sync_id_get)
    __sx127x_sync_id_get                     0x080040bb   Thumb Code     8  sx127x_lora.o(i.__sx127x_sync_id_get)
    i.__sx127x_sync_id_set                   0x080040c2   Section        0  sx127x_lora.o(i.__sx127x_sync_id_set)
    __sx127x_sync_id_set                     0x080040c3   Thumb Code     8  sx127x_lora.o(i.__sx127x_sync_id_set)
    i.__sx127x_sync_word_set                 0x080040ca   Section        0  sx127x_lora.o(i.__sx127x_sync_word_set)
    __sx127x_sync_word_set                   0x080040cb   Thumb Code    18  sx127x_lora.o(i.__sx127x_sync_word_set)
    i.__sx127x_time_on_air_get               0x080040dc   Section        0  sx127x_lora.o(i.__sx127x_time_on_air_get)
    __sx127x_time_on_air_get                 0x080040dd   Thumb Code   516  sx127x_lora.o(i.__sx127x_time_on_air_get)
    i.__sx127x_tx_invert_iq_set              0x08004300   Section        0  sx127x_lora.o(i.__sx127x_tx_invert_iq_set)
    __sx127x_tx_invert_iq_set                0x08004301   Thumb Code    88  sx127x_lora.o(i.__sx127x_tx_invert_iq_set)
    i.__sx127x_write_buffer                  0x08004358   Section        0  sx127x_lora.o(i.__sx127x_write_buffer)
    __sx127x_write_buffer                    0x08004359   Thumb Code    64  sx127x_lora.o(i.__sx127x_write_buffer)
    i.__sx127x_write_fifo                    0x08004398   Section        0  sx127x_lora.o(i.__sx127x_write_fifo)
    __sx127x_write_fifo                      0x08004399   Thumb Code    22  sx127x_lora.o(i.__sx127x_write_fifo)
    i.__sx127x_write_reg                     0x080043ae   Section        0  sx127x_lora.o(i.__sx127x_write_reg)
    __sx127x_write_reg                       0x080043af   Thumb Code    20  sx127x_lora.o(i.__sx127x_write_reg)
    i.crc16_ccitt                            0x080043c4   Section        0  sx127x_lora.o(i.crc16_ccitt)
    i.main                                   0x08004408   Section        0  main.o(i.main)
    i.radio_buf_recv                         0x08004560   Section        0  sx127x_lora.o(i.radio_buf_recv)
    i.radio_buf_send                         0x08004588   Section        0  sx127x_lora.o(i.radio_buf_send)
    i.radio_mode_set                         0x080045ac   Section        0  sx127x_lora.o(i.radio_mode_set)
    i.radio_sx127x_lora_init                 0x080045c8   Section        0  sx127x_lora.o(i.radio_sx127x_lora_init)
    i.radio_zm4xx_inst_init                  0x08004638   Section        0  sx127x_lora.o(i.radio_zm4xx_inst_init)
    i.spi_check                              0x080046a8   Section        0  sx127x_lora.o(i.spi_check)
    spi_check                                0x080046a9   Thumb Code    38  sx127x_lora.o(i.spi_check)
    i.spi_recv_byte                          0x080046d0   Section        0  sx127x_lora.o(i.spi_recv_byte)
    i.spi_send_byte                          0x080046ec   Section        0  sx127x_lora.o(i.spi_send_byte)
    i.timer0_16_delay_ms                     0x08004704   Section        0  sx127x_lora.o(i.timer0_16_delay_ms)
    i.timer0_16_delay_us                     0x08004710   Section        0  sx127x_lora.o(i.timer0_16_delay_us)
    i.zm4xx_rst_pin_set                      0x08004712   Section        0  sx127x_lora.o(i.zm4xx_rst_pin_set)
    i.zm4xx_sel_pin_set                      0x08004738   Section        0  sx127x_lora.o(i.zm4xx_sel_pin_set)
    .constdata                               0x0800475c   Section      360  sx127x_lora.o(.constdata)
    __g_sx127x_drv_funcs                     0x0800475c   Data          72  sx127x_lora.o(.constdata)
    __g_hop_freq_tab                         0x080047a4   Data         256  sx127x_lora.o(.constdata)
    .constdata                               0x080048c4   Section     2072  font.o(.constdata)
    .constdata                               0x080050dc   Section       33  system_stm32l0xx.o(.constdata)
    .data                                    0x20000000   Section       97  sx127x_lora.o(.data)
    __g_spi_dev                              0x20000000   Data           8  sx127x_lora.o(.data)
    __g_gpio_dev                             0x20000008   Data           8  sx127x_lora.o(.data)
    __g_delay                                0x20000010   Data           8  sx127x_lora.o(.data)
    __g_sx127x_devinfo                       0x20000018   Data           8  sx127x_lora.o(.data)
    __g_sx127x_events                        0x20000020   Data          28  sx127x_lora.o(.data)
    __g_lora_param                           0x2000003c   Data          36  sx127x_lora.o(.data)
    mode_prev                                0x20000060   Data           1  sx127x_lora.o(.data)
    .data                                    0x20000062   Section       30  user.o(.data)
    .data                                    0x20000080   Section        4  main.o(.data)
    .data                                    0x20000084   Section       10  stm32l0xx_it.o(.data)
    temp_num1                                0x20000088   Data           2  stm32l0xx_it.o(.data)
    temp_num2                                0x2000008a   Data           2  stm32l0xx_it.o(.data)
    temp_num3                                0x2000008c   Data           2  stm32l0xx_it.o(.data)
    .data                                    0x20000090   Section        9  stm32l0xx_hal.o(.data)
    .data                                    0x2000009c   Section        4  system_stm32l0xx.o(.data)
    .bss                                     0x200000a0   Section       32  sx127x_lora.o(.bss)
    __g_sx127x                               0x200000a0   Data          32  sx127x_lora.o(.bss)
    .bss                                     0x200000c0   Section      510  user.o(.bss)
    .bss                                     0x200002c0   Section      164  main.o(.bss)
    STACK                                    0x20000368   Section     1024  startup_stm32l071xx.o(STACK)

    Global Symbols

    Symbol Name                              Value     Ov Type        Size  Object(Section)

    BuildAttributes$$THM_ISAv3M$S$PE$A:L22$X:L11$S22$IEEE1$IW$USESV6$~STKCKD$USESV7$~SHL$OTIME$ROPI$EBA8$MICROLIB$REQ8$PRES8$EABIv2 0x00000000   Number         0  anon$$obj.o ABSOLUTE
    __ARM_use_no_argv                        0x00000000   Number         0  main.o ABSOLUTE
    __arm_fini_                               - Undefined Weak Reference
    __cpp_initialize__aeabi_                  - Undefined Weak Reference
    __cxa_finalize                            - Undefined Weak Reference
    __decompress                              - Undefined Weak Reference
    _clock_init                               - Undefined Weak Reference
    _microlib_exit                            - Undefined Weak Reference
    __Vectors_Size                           0x000000c0   Number         0  startup_stm32l071xx.o ABSOLUTE
    __Vectors                                0x08000000   Data           4  startup_stm32l071xx.o(RESET)
    __Vectors_End                            0x080000c0   Data           0  startup_stm32l071xx.o(RESET)
    __main                                   0x080000c1   Thumb Code     0  entry.o(.ARM.Collect$$$$00000000)
    _main_stk                                0x080000c1   Thumb Code     0  entry2.o(.ARM.Collect$$$$00000001)
    _main_scatterload                        0x080000c5   Thumb Code     0  entry5.o(.ARM.Collect$$$$00000004)
    __main_after_scatterload                 0x080000c9   Thumb Code     0  entry5.o(.ARM.Collect$$$$00000004)
    _main_clock                              0x080000c9   Thumb Code     0  entry7b.o(.ARM.Collect$$$$00000008)
    _main_cpp_init                           0x080000c9   Thumb Code     0  entry8b.o(.ARM.Collect$$$$0000000A)
    _main_init                               0x080000c9   Thumb Code     0  entry9a.o(.ARM.Collect$$$$0000000B)
    __rt_lib_shutdown_fini                   0x080000d1   Thumb Code     0  entry12b.o(.ARM.Collect$$$$0000000E)
    __rt_final_cpp                           0x080000d5   Thumb Code     0  entry10a.o(.ARM.Collect$$$$0000000F)
    __rt_final_exit                          0x080000d5   Thumb Code     0  entry11a.o(.ARM.Collect$$$$00000011)
    Reset_Handler                            0x080000d9   Thumb Code     8  startup_stm32l071xx.o(.text)
    ADC1_COMP_IRQHandler                     0x080000eb   Thumb Code     0  startup_stm32l071xx.o(.text)
    DMA1_Channel1_IRQHandler                 0x080000eb   Thumb Code     0  startup_stm32l071xx.o(.text)
    DMA1_Channel2_3_IRQHandler               0x080000eb   Thumb Code     0  startup_stm32l071xx.o(.text)
    DMA1_Channel4_5_6_7_IRQHandler           0x080000eb   Thumb Code     0  startup_stm32l071xx.o(.text)
    EXTI0_1_IRQHandler                       0x080000eb   Thumb Code     0  startup_stm32l071xx.o(.text)
    EXTI2_3_IRQHandler                       0x080000eb   Thumb Code     0  startup_stm32l071xx.o(.text)
    EXTI4_15_IRQHandler                      0x080000eb   Thumb Code     0  startup_stm32l071xx.o(.text)
    FLASH_IRQHandler                         0x080000eb   Thumb Code     0  startup_stm32l071xx.o(.text)
    I2C1_IRQHandler                          0x080000eb   Thumb Code     0  startup_stm32l071xx.o(.text)
    I2C2_IRQHandler                          0x080000eb   Thumb Code     0  startup_stm32l071xx.o(.text)
    I2C3_IRQHandler                          0x080000eb   Thumb Code     0  startup_stm32l071xx.o(.text)
    LPTIM1_IRQHandler                        0x080000eb   Thumb Code     0  startup_stm32l071xx.o(.text)
    LPUART1_IRQHandler                       0x080000eb   Thumb Code     0  startup_stm32l071xx.o(.text)
    PVD_IRQHandler                           0x080000eb   Thumb Code     0  startup_stm32l071xx.o(.text)
    RCC_IRQHandler                           0x080000eb   Thumb Code     0  startup_stm32l071xx.o(.text)
    RTC_IRQHandler                           0x080000eb   Thumb Code     0  startup_stm32l071xx.o(.text)
    SPI1_IRQHandler                          0x080000eb   Thumb Code     0  startup_stm32l071xx.o(.text)
    SPI2_IRQHandler                          0x080000eb   Thumb Code     0  startup_stm32l071xx.o(.text)
    TIM21_IRQHandler                         0x080000eb   Thumb Code     0  startup_stm32l071xx.o(.text)
    TIM22_IRQHandler                         0x080000eb   Thumb Code     0  startup_stm32l071xx.o(.text)
    TIM2_IRQHandler                          0x080000eb   Thumb Code     0  startup_stm32l071xx.o(.text)
    TIM3_IRQHandler                          0x080000eb   Thumb Code     0  startup_stm32l071xx.o(.text)
    TIM6_IRQHandler                          0x080000eb   Thumb Code     0  startup_stm32l071xx.o(.text)
    TIM7_IRQHandler                          0x080000eb   Thumb Code     0  startup_stm32l071xx.o(.text)
    USART1_IRQHandler                        0x080000eb   Thumb Code     0  startup_stm32l071xx.o(.text)
    USART2_IRQHandler                        0x080000eb   Thumb Code     0  startup_stm32l071xx.o(.text)
    USART4_5_IRQHandler                      0x080000eb   Thumb Code     0  startup_stm32l071xx.o(.text)
    WWDG_IRQHandler                          0x080000eb   Thumb Code     0  startup_stm32l071xx.o(.text)
    __aeabi_uidiv                            0x080000f5   Thumb Code     0  uidiv.o(.text)
    __aeabi_uidivmod                         0x080000f5   Thumb Code    44  uidiv.o(.text)
    __aeabi_uldivmod                         0x08000121   Thumb Code    96  uldiv.o(.text)
    __aeabi_lmul                             0x08000181   Thumb Code   122  llmul.o(.text)
    _ll_mul                                  0x08000181   Thumb Code     0  llmul.o(.text)
    __aeabi_memcpy                           0x080001fb   Thumb Code    36  memcpya.o(.text)
    __aeabi_memcpy4                          0x080001fb   Thumb Code     0  memcpya.o(.text)
    __aeabi_memcpy8                          0x080001fb   Thumb Code     0  memcpya.o(.text)
    __aeabi_memset                           0x0800021f   Thumb Code    14  memseta.o(.text)
    __aeabi_memset4                          0x0800021f   Thumb Code     0  memseta.o(.text)
    __aeabi_memset8                          0x0800021f   Thumb Code     0  memseta.o(.text)
    __aeabi_memclr                           0x0800022d   Thumb Code     4  memseta.o(.text)
    __aeabi_memclr4                          0x0800022d   Thumb Code     0  memseta.o(.text)
    __aeabi_memclr8                          0x0800022d   Thumb Code     0  memseta.o(.text)
    _memset$wrapper                          0x08000231   Thumb Code    18  memseta.o(.text)
    __aeabi_dadd                             0x08000245   Thumb Code   330  dadd.o(.text)
    __aeabi_dsub                             0x0800038f   Thumb Code    12  dadd.o(.text)
    __aeabi_drsub                            0x0800039b   Thumb Code    12  dadd.o(.text)
    __aeabi_dmul                             0x080003ad   Thumb Code   202  dmul.o(.text)
    __aeabi_ddiv                             0x0800047d   Thumb Code   234  ddiv.o(.text)
    __aeabi_ui2f                             0x0800056d   Thumb Code    14  ffltui.o(.text)
    __aeabi_ui2d                             0x0800057d   Thumb Code    24  dfltui.o(.text)
    __aeabi_f2iz                             0x08000599   Thumb Code    50  ffixi.o(.text)
    __aeabi_d2uiz                            0x080005cd   Thumb Code    50  dfixui.o(.text)
    __aeabi_llsl                             0x08000609   Thumb Code    32  llshl.o(.text)
    _ll_shift_l                              0x08000609   Thumb Code     0  llshl.o(.text)
    __aeabi_llsr                             0x08000629   Thumb Code    34  llushr.o(.text)
    _ll_ushift_r                             0x08000629   Thumb Code     0  llushr.o(.text)
    __aeabi_lasr                             0x0800064b   Thumb Code    38  llsshr.o(.text)
    _ll_sshift_r                             0x0800064b   Thumb Code     0  llsshr.o(.text)
    __I$use$fp                               0x08000671   Thumb Code     0  iusefp.o(.text)
    _float_round                             0x08000671   Thumb Code    16  fepilogue.o(.text)
    _float_epilogue                          0x08000681   Thumb Code   114  fepilogue.o(.text)
    _double_round                            0x080006f3   Thumb Code    26  depilogue.o(.text)
    _double_epilogue                         0x0800070d   Thumb Code   164  depilogue.o(.text)
    __scatterload                            0x080007b1   Thumb Code    28  init.o(.text)
    __scatterload_rt2                        0x080007b1   Thumb Code     0  init.o(.text)
    Compare_Cmd                              0x080007d5   Thumb Code   122  user.o(i.Compare_Cmd)
    Error_Handler                            0x0800085d   Thumb Code     6  main.o(i.Error_Handler)
    HAL_Delay                                0x08000865   Thumb Code    38  stm32l0xx_hal.o(i.HAL_Delay)
    HAL_GPIO_Init                            0x08000891   Thumb Code   472  stm32l0xx_hal_gpio.o(i.HAL_GPIO_Init)
    HAL_GPIO_ReadPin                         0x08000a89   Thumb Code    18  stm32l0xx_hal_gpio.o(i.HAL_GPIO_ReadPin)
    HAL_GPIO_WritePin                        0x08000a9b   Thumb Code    12  stm32l0xx_hal_gpio.o(i.HAL_GPIO_WritePin)
    HAL_GetTick                              0x08000aa9   Thumb Code     6  stm32l0xx_hal.o(i.HAL_GetTick)
    HAL_I2CEx_ConfigAnalogFilter             0x08000ab5   Thumb Code   110  stm32l0xx_hal_i2c_ex.o(i.HAL_I2CEx_ConfigAnalogFilter)
    HAL_I2CEx_ConfigDigitalFilter            0x08000b23   Thumb Code   112  stm32l0xx_hal_i2c_ex.o(i.HAL_I2CEx_ConfigDigitalFilter)
    HAL_I2C_Init                             0x08000b95   Thumb Code   208  stm32l0xx_hal_i2c.o(i.HAL_I2C_Init)
    HAL_I2C_Master_Transmit                  0x08000c69   Thumb Code   354  stm32l0xx_hal_i2c.o(i.HAL_I2C_Master_Transmit)
    HAL_I2C_MspInit                          0x08000dd5   Thumb Code   154  stm32l0xx_hal_msp.o(i.HAL_I2C_MspInit)
    HAL_IncTick                              0x08000e7d   Thumb Code    16  stm32l0xx_hal.o(i.HAL_IncTick)
    HAL_Init                                 0x08000e95   Thumb Code    38  stm32l0xx_hal.o(i.HAL_Init)
    HAL_InitTick                             0x08000ec1   Thumb Code    70  stm32l0xx_hal.o(i.HAL_InitTick)
    HAL_MspInit                              0x08000f15   Thumb Code    26  stm32l0xx_hal_msp.o(i.HAL_MspInit)
    HAL_NVIC_SetPriority                     0x08000f35   Thumb Code    18  stm32l0xx_hal_cortex.o(i.HAL_NVIC_SetPriority)
    HAL_RCCEx_PeriphCLKConfig                0x08000f49   Thumb Code   574  stm32l0xx_hal_rcc_ex.o(i.HAL_RCCEx_PeriphCLKConfig)
    HAL_RCC_ClockConfig                      0x08001195   Thumb Code   540  stm32l0xx_hal_rcc.o(i.HAL_RCC_ClockConfig)
    HAL_RCC_GetSysClockFreq                  0x080013c9   Thumb Code   220  stm32l0xx_hal_rcc.o(i.HAL_RCC_GetSysClockFreq)
    HAL_RCC_OscConfig                        0x080014b9   Thumb Code  1596  stm32l0xx_hal_rcc.o(i.HAL_RCC_OscConfig)
    HAL_SPI_Init                             0x08001b01   Thumb Code   208  stm32l0xx_hal_spi.o(i.HAL_SPI_Init)
    HAL_SPI_MspInit                          0x08001bd1   Thumb Code    96  stm32l0xx_hal_msp.o(i.HAL_SPI_MspInit)
    HAL_SPI_Receive                          0x08001c39   Thumb Code   400  stm32l0xx_hal_spi.o(i.HAL_SPI_Receive)
    HAL_SPI_Transmit                         0x08001dc9   Thumb Code   460  stm32l0xx_hal_spi.o(i.HAL_SPI_Transmit)
    HAL_SPI_TransmitReceive                  0x08001f95   Thumb Code   590  stm32l0xx_hal_spi.o(i.HAL_SPI_TransmitReceive)
    HAL_SYSTICK_Config                       0x080021e5   Thumb Code    46  stm32l0xx_hal_cortex.o(i.HAL_SYSTICK_Config)
    HardFault_Handler                        0x0800221d   Thumb Code     4  stm32l0xx_it.o(i.HardFault_Handler)
    NMI_Handler                              0x080025ad   Thumb Code     4  stm32l0xx_it.o(i.NMI_Handler)
    OLED_Clear                               0x080025b1   Thumb Code    64  oled.o(i.OLED_Clear)
    OLED_Init                                0x080025f1   Thumb Code   192  oled.o(i.OLED_Init)
    OLED_PowerControl                        0x080026b1   Thumb Code    32  oled.o(i.OLED_PowerControl)
    OLED_SetPos                              0x080026d5   Thumb Code    46  oled.o(i.OLED_SetPos)
    OLED_ShowChar                            0x08002705   Thumb Code   148  oled.o(i.OLED_ShowChar)
    OLED_ShowString                          0x080027a1   Thumb Code    56  oled.o(i.OLED_ShowString)
    OLED_Write                               0x080027d9   Thumb Code    44  oled.o(i.OLED_Write)
    PendSV_Handler                           0x0800280d   Thumb Code     2  stm32l0xx_it.o(i.PendSV_Handler)
    SVC_Handler                              0x08002a05   Thumb Code     2  stm32l0xx_it.o(i.SVC_Handler)
    SysTick_Handler                          0x08002a09   Thumb Code   112  stm32l0xx_it.o(i.SysTick_Handler)
    SystemClock_Config                       0x08002a99   Thumb Code   148  main.o(i.SystemClock_Config)
    SystemInit                               0x08002b31   Thumb Code     2  system_stm32l0xx.o(i.SystemInit)
    Task_Recv                                0x08002b35   Thumb Code   180  user.o(i.Task_Recv)
    Task_Send                                0x08002bf5   Thumb Code    24  user.o(i.Task_Send)
    __ARM_clz                                0x08002c11   Thumb Code    46  depilogue.o(i.__ARM_clz)
    __ARM_common_ll_mulss                    0x08002c3f   Thumb Code    48  sx127x_lora.o(i.__ARM_common_ll_mulss)
    __ARM_common_ll_muluu                    0x08002c6f   Thumb Code    48  sx127x_lora.o(i.__ARM_common_ll_muluu)
    __ARM_common_switch8                     0x08002c9f   Thumb Code    28  sx127x_lora.o(i.__ARM_common_switch8)
    __scatterload_copy                       0x08002f3f   Thumb Code    14  handlers.o(i.__scatterload_copy)
    __scatterload_null                       0x08002f4d   Thumb Code     2  handlers.o(i.__scatterload_null)
    __scatterload_zeroinit                   0x08002f4f   Thumb Code    14  handlers.o(i.__scatterload_zeroinit)
    __sx127x_lora_dio0_irq_func              0x0800316b   Thumb Code    20  sx127x_lora.o(i.__sx127x_lora_dio0_irq_func)
    __sx127x_lora_dio1_irq_func              0x0800317f   Thumb Code    82  sx127x_lora.o(i.__sx127x_lora_dio1_irq_func)
    __sx127x_lora_dio2_irq_func              0x080031d1   Thumb Code   118  sx127x_lora.o(i.__sx127x_lora_dio2_irq_func)
    __sx127x_reset                           0x08003f9d   Thumb Code    52  sx127x_lora.o(i.__sx127x_reset)
    crc16_ccitt                              0x080043c5   Thumb Code    64  sx127x_lora.o(i.crc16_ccitt)
    main                                     0x08004409   Thumb Code   276  main.o(i.main)
    radio_buf_recv                           0x08004561   Thumb Code    40  sx127x_lora.o(i.radio_buf_recv)
    radio_buf_send                           0x08004589   Thumb Code    36  sx127x_lora.o(i.radio_buf_send)
    radio_mode_set                           0x080045ad   Thumb Code    26  sx127x_lora.o(i.radio_mode_set)
    radio_sx127x_lora_init                   0x080045c9   Thumb Code   106  sx127x_lora.o(i.radio_sx127x_lora_init)
    radio_zm4xx_inst_init                    0x08004639   Thumb Code    60  sx127x_lora.o(i.radio_zm4xx_inst_init)
    spi_recv_byte                            0x080046d1   Thumb Code    20  sx127x_lora.o(i.spi_recv_byte)
    spi_send_byte                            0x080046ed   Thumb Code    16  sx127x_lora.o(i.spi_send_byte)
    timer0_16_delay_ms                       0x08004705   Thumb Code    12  sx127x_lora.o(i.timer0_16_delay_ms)
    timer0_16_delay_us                       0x08004711   Thumb Code     2  sx127x_lora.o(i.timer0_16_delay_us)
    zm4xx_rst_pin_set                        0x08004713   Thumb Code    38  sx127x_lora.o(i.zm4xx_rst_pin_set)
    zm4xx_sel_pin_set                        0x08004739   Thumb Code    36  sx127x_lora.o(i.zm4xx_sel_pin_set)
    g_F6x8                                   0x080048c4   Data         552  font.o(.constdata)
    g_F8X16                                  0x08004aec   Data        1520  font.o(.constdata)
    AHBPrescTable                            0x080050dc   Data          16  system_stm32l0xx.o(.constdata)
    APBPrescTable                            0x080050ec   Data           8  system_stm32l0xx.o(.constdata)
    PLLMulTable                              0x080050f4   Data           9  system_stm32l0xx.o(.constdata)
    Region$$Table$$Base                      0x08005100   Number         0  anon$$obj.o(Region$$Table)
    Region$$Table$$Limit                     0x08005120   Number         0  anon$$obj.o(Region$$Table)
    Radio_RxLength                           0x20000062   Data           2  user.o(.data)
    Cmd_A1                                   0x20000064   Data           7  user.o(.data)
    Cmd_B1                                   0x2000006b   Data           7  user.o(.data)
    Cmd_B3                                   0x20000072   Data           7  user.o(.data)
    Cmd_B2                                   0x20000079   Data           7  user.o(.data)
    handle                                   0x20000080   Data           4  main.o(.data)
    g_S1_Flag                                0x20000084   Data           1  stm32l0xx_it.o(.data)
    g_OLED_Flag                              0x20000085   Data           1  stm32l0xx_it.o(.data)
    g_Radio_Recv_Flag                        0x20000086   Data           1  stm32l0xx_it.o(.data)
    keyVal_o                                 0x20000087   Data           1  stm32l0xx_it.o(.data)
    uwTick                                   0x20000090   Data           4  stm32l0xx_hal.o(.data)
    uwTickPrio                               0x20000094   Data           4  stm32l0xx_hal.o(.data)
    uwTickFreq                               0x20000098   Data           1  stm32l0xx_hal.o(.data)
    SystemCoreClock                          0x2000009c   Data           4  system_stm32l0xx.o(.data)
    Radio_Rxbuff                             0x200000c0   Data         255  user.o(.bss)
    Cmd_Buff                                 0x200001bf   Data         255  user.o(.bss)
    hi2c3                                    0x200002c0   Data          76  main.o(.bss)
    hspi1                                    0x2000030c   Data          88  main.o(.bss)
    __initial_sp                             0x20000768   Data           0  startup_stm32l071xx.o(STACK)



==============================================================================

Memory Map of the image

  Image Entry point : 0x080000c1

  Load Region LR_IROM1 (Base: 0x08000000, Size: 0x000051c0, Max: 0x00020000, ABSOLUTE)

    Execution Region ER_IROM1 (Exec base: 0x08000000, Load base: 0x08000000, Size: 0x00005120, Max: 0x00020000, ABSOLUTE)

    Exec Addr    Load Addr    Size         Type   Attr      Idx    E Section Name        Object

    0x08000000   0x08000000   0x000000c0   Data   RO            3    RESET               startup_stm32l071xx.o
    0x080000c0   0x080000c0   0x00000000   Code   RO         2950  * .ARM.Collect$$$$00000000  mc_p.l(entry.o)
    0x080000c0   0x080000c0   0x00000004   Code   RO         2979    .ARM.Collect$$$$00000001  mc_p.l(entry2.o)
    0x080000c4   0x080000c4   0x00000004   Code   RO         2982    .ARM.Collect$$$$00000004  mc_p.l(entry5.o)
    0x080000c8   0x080000c8   0x00000000   Code   RO         2984    .ARM.Collect$$$$00000008  mc_p.l(entry7b.o)
    0x080000c8   0x080000c8   0x00000000   Code   RO         2986    .ARM.Collect$$$$0000000A  mc_p.l(entry8b.o)
    0x080000c8   0x080000c8   0x00000008   Code   RO         2987    .ARM.Collect$$$$0000000B  mc_p.l(entry9a.o)
    0x080000d0   0x080000d0   0x00000004   Code   RO         2994    .ARM.Collect$$$$0000000E  mc_p.l(entry12b.o)
    0x080000d4   0x080000d4   0x00000000   Code   RO         2989    .ARM.Collect$$$$0000000F  mc_p.l(entry10a.o)
    0x080000d4   0x080000d4   0x00000000   Code   RO         2991    .ARM.Collect$$$$00000011  mc_p.l(entry11a.o)
    0x080000d4   0x080000d4   0x00000004   Code   RO         2980    .ARM.Collect$$$$00002712  mc_p.l(entry2.o)
    0x080000d8   0x080000d8   0x0000001c   Code   RO            4    .text               startup_stm32l071xx.o
    0x080000f4   0x080000f4   0x0000002c   Code   RO         2953    .text               mc_p.l(uidiv.o)
    0x08000120   0x08000120   0x00000060   Code   RO         2955    .text               mc_p.l(uldiv.o)
    0x08000180   0x08000180   0x0000007a   Code   RO         2957    .text               mc_p.l(llmul.o)
    0x080001fa   0x080001fa   0x00000024   Code   RO         2959    .text               mc_p.l(memcpya.o)
    0x0800021e   0x0800021e   0x00000024   Code   RO         2961    .text               mc_p.l(memseta.o)
    0x08000242   0x08000242   0x00000002   PAD
    0x08000244   0x08000244   0x00000168   Code   RO         2965    .text               mf_p.l(dadd.o)
    0x080003ac   0x080003ac   0x000000d0   Code   RO         2967    .text               mf_p.l(dmul.o)
    0x0800047c   0x0800047c   0x000000f0   Code   RO         2969    .text               mf_p.l(ddiv.o)
    0x0800056c   0x0800056c   0x0000000e   Code   RO         2971    .text               mf_p.l(ffltui.o)
    0x0800057a   0x0800057a   0x00000002   PAD
    0x0800057c   0x0800057c   0x0000001c   Code   RO         2973    .text               mf_p.l(dfltui.o)
    0x08000598   0x08000598   0x00000032   Code   RO         2975    .text               mf_p.l(ffixi.o)
    0x080005ca   0x080005ca   0x00000002   PAD
    0x080005cc   0x080005cc   0x0000003c   Code   RO         2977    .text               mf_p.l(dfixui.o)
    0x08000608   0x08000608   0x00000020   Code   RO         2995    .text               mc_p.l(llshl.o)
    0x08000628   0x08000628   0x00000022   Code   RO         2997    .text               mc_p.l(llushr.o)
    0x0800064a   0x0800064a   0x00000026   Code   RO         2999    .text               mc_p.l(llsshr.o)
    0x08000670   0x08000670   0x00000000   Code   RO         3001    .text               mc_p.l(iusefp.o)
    0x08000670   0x08000670   0x00000082   Code   RO         3002    .text               mf_p.l(fepilogue.o)
    0x080006f2   0x080006f2   0x000000be   Code   RO         3004    .text               mf_p.l(depilogue.o)
    0x080007b0   0x080007b0   0x00000024   Code   RO         3008    .text               mc_p.l(init.o)
    0x080007d4   0x080007d4   0x00000088   Code   RO          685    i.Compare_Cmd       user.o
    0x0800085c   0x0800085c   0x00000006   Code   RO          724    i.Error_Handler     main.o
    0x08000862   0x08000862   0x00000002   PAD
    0x08000864   0x08000864   0x0000002c   Code   RO         1394    i.HAL_Delay         stm32l0xx_hal.o
    0x08000890   0x08000890   0x000001f8   Code   RO         2071    i.HAL_GPIO_Init     stm32l0xx_hal_gpio.o
    0x08000a88   0x08000a88   0x00000012   Code   RO         2073    i.HAL_GPIO_ReadPin  stm32l0xx_hal_gpio.o
    0x08000a9a   0x08000a9a   0x0000000c   Code   RO         2075    i.HAL_GPIO_WritePin  stm32l0xx_hal_gpio.o
    0x08000aa6   0x08000aa6   0x00000002   PAD
    0x08000aa8   0x08000aa8   0x0000000c   Code   RO         1398    i.HAL_GetTick       stm32l0xx_hal.o
    0x08000ab4   0x08000ab4   0x0000006e   Code   RO         1335    i.HAL_I2CEx_ConfigAnalogFilter  stm32l0xx_hal_i2c_ex.o
    0x08000b22   0x08000b22   0x00000070   Code   RO         1336    i.HAL_I2CEx_ConfigDigitalFilter  stm32l0xx_hal_i2c_ex.o
    0x08000b92   0x08000b92   0x00000002   PAD
    0x08000b94   0x08000b94   0x000000d4   Code   RO          888    i.HAL_I2C_Init      stm32l0xx_hal_i2c.o
    0x08000c68   0x08000c68   0x0000016c   Code   RO          901    i.HAL_I2C_Master_Transmit  stm32l0xx_hal_i2c.o
    0x08000dd4   0x08000dd4   0x000000a8   Code   RO          834    i.HAL_I2C_MspInit   stm32l0xx_hal_msp.o
    0x08000e7c   0x08000e7c   0x00000018   Code   RO         1404    i.HAL_IncTick       stm32l0xx_hal.o
    0x08000e94   0x08000e94   0x0000002c   Code   RO         1405    i.HAL_Init          stm32l0xx_hal.o
    0x08000ec0   0x08000ec0   0x00000054   Code   RO         1406    i.HAL_InitTick      stm32l0xx_hal.o
    0x08000f14   0x08000f14   0x00000020   Code   RO          835    i.HAL_MspInit       stm32l0xx_hal_msp.o
    0x08000f34   0x08000f34   0x00000012   Code   RO         2402    i.HAL_NVIC_SetPriority  stm32l0xx_hal_cortex.o
    0x08000f46   0x08000f46   0x00000002   PAD
    0x08000f48   0x08000f48   0x0000024c   Code   RO         1690    i.HAL_RCCEx_PeriphCLKConfig  stm32l0xx_hal_rcc_ex.o
    0x08001194   0x08001194   0x00000234   Code   RO         1592    i.HAL_RCC_ClockConfig  stm32l0xx_hal_rcc.o
    0x080013c8   0x080013c8   0x000000f0   Code   RO         1600    i.HAL_RCC_GetSysClockFreq  stm32l0xx_hal_rcc.o
    0x080014b8   0x080014b8   0x00000648   Code   RO         1603    i.HAL_RCC_OscConfig  stm32l0xx_hal_rcc.o
    0x08001b00   0x08001b00   0x000000d0   Code   RO         2584    i.HAL_SPI_Init      stm32l0xx_hal_spi.o
    0x08001bd0   0x08001bd0   0x00000068   Code   RO          837    i.HAL_SPI_MspInit   stm32l0xx_hal_msp.o
    0x08001c38   0x08001c38   0x00000190   Code   RO         2587    i.HAL_SPI_Receive   stm32l0xx_hal_spi.o
    0x08001dc8   0x08001dc8   0x000001cc   Code   RO         2592    i.HAL_SPI_Transmit  stm32l0xx_hal_spi.o
    0x08001f94   0x08001f94   0x0000024e   Code   RO         2593    i.HAL_SPI_TransmitReceive  stm32l0xx_hal_spi.o
    0x080021e2   0x080021e2   0x00000002   PAD
    0x080021e4   0x080021e4   0x00000038   Code   RO         2406    i.HAL_SYSTICK_Config  stm32l0xx_hal_cortex.o
    0x0800221c   0x0800221c   0x00000004   Code   RO          783    i.HardFault_Handler  stm32l0xx_it.o
    0x08002220   0x08002220   0x00000032   Code   RO          935    i.I2C_Flush_TXDR    stm32l0xx_hal_i2c.o
    0x08002252   0x08002252   0x00000002   PAD
    0x08002254   0x08002254   0x000000a0   Code   RO          943    i.I2C_IsAcknowledgeFailed  stm32l0xx_hal_i2c.o
    0x080022f4   0x080022f4   0x00000038   Code   RO          950    i.I2C_TransferConfig  stm32l0xx_hal_i2c.o
    0x0800232c   0x0800232c   0x00000058   Code   RO          952    i.I2C_WaitOnFlagUntilTimeout  stm32l0xx_hal_i2c.o
    0x08002384   0x08002384   0x0000005a   Code   RO          954    i.I2C_WaitOnSTOPFlagUntilTimeout  stm32l0xx_hal_i2c.o
    0x080023de   0x080023de   0x00000060   Code   RO          955    i.I2C_WaitOnTXISFlagUntilTimeout  stm32l0xx_hal_i2c.o
    0x0800243e   0x0800243e   0x00000002   PAD
    0x08002440   0x08002440   0x000000c8   Code   RO          725    i.MX_GPIO_Init      main.o
    0x08002508   0x08002508   0x0000005c   Code   RO          726    i.MX_I2C3_Init      main.o
    0x08002564   0x08002564   0x00000048   Code   RO          727    i.MX_SPI1_Init      main.o
    0x080025ac   0x080025ac   0x00000004   Code   RO          784    i.NMI_Handler       stm32l0xx_it.o
    0x080025b0   0x080025b0   0x00000040   Code   RO          613    i.OLED_Clear        oled.o
    0x080025f0   0x080025f0   0x000000c0   Code   RO          616    i.OLED_Init         oled.o
    0x080026b0   0x080026b0   0x00000024   Code   RO          617    i.OLED_PowerControl  oled.o
    0x080026d4   0x080026d4   0x0000002e   Code   RO          618    i.OLED_SetPos       oled.o
    0x08002702   0x08002702   0x00000002   PAD
    0x08002704   0x08002704   0x0000009c   Code   RO          619    i.OLED_ShowChar     oled.o
    0x080027a0   0x080027a0   0x00000038   Code   RO          620    i.OLED_ShowString   oled.o
    0x080027d8   0x080027d8   0x00000034   Code   RO          621    i.OLED_Write        oled.o
    0x0800280c   0x0800280c   0x00000002   Code   RO          785    i.PendSV_Handler    stm32l0xx_it.o
    0x0800280e   0x0800280e   0x000000a2   Code   RO         2621    i.SPI_EndRxTransaction  stm32l0xx_hal_spi.o
    0x080028b0   0x080028b0   0x00000078   Code   RO         2622    i.SPI_EndRxTxTransaction  stm32l0xx_hal_spi.o
    0x08002928   0x08002928   0x000000dc   Code   RO         2627    i.SPI_WaitFlagStateUntilTimeout  stm32l0xx_hal_spi.o
    0x08002a04   0x08002a04   0x00000002   Code   RO          786    i.SVC_Handler       stm32l0xx_it.o
    0x08002a06   0x08002a06   0x00000002   PAD
    0x08002a08   0x08002a08   0x00000090   Code   RO          787    i.SysTick_Handler   stm32l0xx_it.o
    0x08002a98   0x08002a98   0x00000098   Code   RO          728    i.SystemClock_Config  main.o
    0x08002b30   0x08002b30   0x00000002   Code   RO         2920    i.SystemInit        system_stm32l0xx.o
    0x08002b32   0x08002b32   0x00000002   PAD
    0x08002b34   0x08002b34   0x000000c0   Code   RO          686    i.Task_Recv         user.o
    0x08002bf4   0x08002bf4   0x0000001c   Code   RO          687    i.Task_Send         user.o
    0x08002c10   0x08002c10   0x0000002e   Code   RO         3006    i.__ARM_clz         mf_p.l(depilogue.o)
    0x08002c3e   0x08002c3e   0x00000030   Code   RO          493    i.__ARM_common_ll_mulss  sx127x_lora.o
    0x08002c6e   0x08002c6e   0x00000030   Code   RO          491    i.__ARM_common_ll_muluu  sx127x_lora.o
    0x08002c9e   0x08002c9e   0x0000001c   Code   RO          495    i.__ARM_common_switch8  sx127x_lora.o
    0x08002cba   0x08002cba   0x00000002   PAD
    0x08002cbc   0x08002cbc   0x00000078   Code   RO         2408    i.__NVIC_SetPriority  stm32l0xx_hal_cortex.o
    0x08002d34   0x08002d34   0x00000028   Code   RO           12    i.__cad_detect_state_get  sx127x_lora.o
    0x08002d5c   0x08002d5c   0x00000002   Code   RO           13    i.__cad_done_call_func  sx127x_lora.o
    0x08002d5e   0x08002d5e   0x00000010   Code   RO           14    i.__delay_ms        sx127x_lora.o
    0x08002d6e   0x08002d6e   0x00000010   Code   RO           15    i.__delay_us        sx127x_lora.o
    0x08002d7e   0x08002d7e   0x00000002   Code   RO           16    i.__fhss_change_channel_call_func  sx127x_lora.o
    0x08002d80   0x08002d80   0x00000068   Code   RO           17    i.__get_lora_pkt_rssi  sx127x_lora.o
    0x08002de8   0x08002de8   0x0000002a   Code   RO           18    i.__get_lora_pkt_snr  sx127x_lora.o
    0x08002e12   0x08002e12   0x0000000c   Code   RO           19    i.__recv_byte       sx127x_lora.o
    0x08002e1e   0x08002e1e   0x00000002   PAD
    0x08002e20   0x08002e20   0x00000118   Code   RO           20    i.__rx_chain_calibration  sx127x_lora.o
    0x08002f38   0x08002f38   0x00000002   Code   RO           21    i.__rx_crc_err_call_func  sx127x_lora.o
    0x08002f3a   0x08002f3a   0x00000002   Code   RO           22    i.__rx_done_call_func  sx127x_lora.o
    0x08002f3c   0x08002f3c   0x00000002   Code   RO           23    i.__rx_timeout_call_func  sx127x_lora.o
    0x08002f3e   0x08002f3e   0x0000000e   Code   RO         3012    i.__scatterload_copy  mc_p.l(handlers.o)
    0x08002f4c   0x08002f4c   0x00000002   Code   RO         3013    i.__scatterload_null  mc_p.l(handlers.o)
    0x08002f4e   0x08002f4e   0x0000000e   Code   RO         3014    i.__scatterload_zeroinit  mc_p.l(handlers.o)
    0x08002f5c   0x08002f5c   0x00000010   Code   RO           24    i.__send_byte       sx127x_lora.o
    0x08002f6c   0x08002f6c   0x00000058   Code   RO           25    i.__sx127x_bw_sensitivity_optimization  sx127x_lora.o
    0x08002fc4   0x08002fc4   0x000000f2   Code   RO           26    i.__sx127x_cad_start  sx127x_lora.o
    0x080030b6   0x080030b6   0x00000022   Code   RO           27    i.__sx127x_detect_optimize_set  sx127x_lora.o
    0x080030d8   0x080030d8   0x00000012   Code   RO           28    i.__sx127x_detect_threshold_set  sx127x_lora.o
    0x080030ea   0x080030ea   0x00000080   Code   RO           29    i.__sx127x_ioctl    sx127x_lora.o
    0x0800316a   0x0800316a   0x00000014   Code   RO           30    i.__sx127x_lora_dio0_irq_func  sx127x_lora.o
    0x0800317e   0x0800317e   0x00000052   Code   RO           31    i.__sx127x_lora_dio1_irq_func  sx127x_lora.o
    0x080031d0   0x080031d0   0x00000076   Code   RO           32    i.__sx127x_lora_dio2_irq_func  sx127x_lora.o
    0x08003246   0x08003246   0x00000022   Code   RO           33    i.__sx127x_lora_get_preamble_length  sx127x_lora.o
    0x08003268   0x08003268   0x000000a8   Code   RO           34    i.__sx127x_lora_init  sx127x_lora.o
    0x08003310   0x08003310   0x00000034   Code   RO           35    i.__sx127x_lora_read_cur_rssi  sx127x_lora.o
    0x08003344   0x08003344   0x000001a2   Code   RO           36    i.__sx127x_lora_rx_data_read  sx127x_lora.o
    0x080034e6   0x080034e6   0x00000002   PAD
    0x080034e8   0x080034e8   0x00000370   Code   RO           37    i.__sx127x_lora_rx_state_enter  sx127x_lora.o
    0x08003858   0x08003858   0x0000002e   Code   RO           38    i.__sx127x_lora_set_error_coding  sx127x_lora.o
    0x08003886   0x08003886   0x0000002c   Code   RO           39    i.__sx127x_lora_set_implicit_header_on  sx127x_lora.o
    0x080038b2   0x080038b2   0x00000028   Code   RO           40    i.__sx127x_lora_set_low_datarate_optimize  sx127x_lora.o
    0x080038da   0x080038da   0x00000002   PAD
    0x080038dc   0x080038dc   0x00000040   Code   RO           41    i.__sx127x_lora_set_op_mode  sx127x_lora.o
    0x0800391c   0x0800391c   0x00000030   Code   RO           42    i.__sx127x_lora_set_pa_20dbm  sx127x_lora.o
    0x0800394c   0x0800394c   0x00000024   Code   RO           43    i.__sx127x_lora_set_pa_output  sx127x_lora.o
    0x08003970   0x08003970   0x0000002e   Code   RO           44    i.__sx127x_lora_set_packet_crc_on  sx127x_lora.o
    0x0800399e   0x0800399e   0x00000014   Code   RO           45    i.__sx127x_lora_set_payload_length  sx127x_lora.o
    0x080039b2   0x080039b2   0x00000032   Code   RO           46    i.__sx127x_lora_set_preamble_length  sx127x_lora.o
    0x080039e4   0x080039e4   0x0000004c   Code   RO           47    i.__sx127x_lora_set_rf_frequency  sx127x_lora.o
    0x08003a30   0x08003a30   0x000000ce   Code   RO           48    i.__sx127x_lora_set_rf_power  sx127x_lora.o
    0x08003afe   0x08003afe   0x0000002c   Code   RO           49    i.__sx127x_lora_set_signal_bandwidth  sx127x_lora.o
    0x08003b2a   0x08003b2a   0x00000060   Code   RO           50    i.__sx127x_lora_set_spreading_factor  sx127x_lora.o
    0x08003b8a   0x08003b8a   0x00000052   Code   RO           51    i.__sx127x_lora_set_symb_timeout  sx127x_lora.o
    0x08003bdc   0x08003bdc   0x0000022c   Code   RO           52    i.__sx127x_lora_tx_data  sx127x_lora.o
    0x08003e08   0x08003e08   0x00000078   Code   RO           53    i.__sx127x_mode_set  sx127x_lora.o
    0x08003e80   0x08003e80   0x00000068   Code   RO           54    i.__sx127x_pkt_buf_read  sx127x_lora.o
    0x08003ee8   0x08003ee8   0x00000048   Code   RO           55    i.__sx127x_power_set_adapter  sx127x_lora.o
    0x08003f30   0x08003f30   0x0000003e   Code   RO           56    i.__sx127x_read_buffer  sx127x_lora.o
    0x08003f6e   0x08003f6e   0x00000016   Code   RO           57    i.__sx127x_read_fifo  sx127x_lora.o
    0x08003f84   0x08003f84   0x00000018   Code   RO           58    i.__sx127x_read_reg  sx127x_lora.o
    0x08003f9c   0x08003f9c   0x00000034   Code   RO           59    i.__sx127x_reset    sx127x_lora.o
    0x08003fd0   0x08003fd0   0x0000005a   Code   RO           60    i.__sx127x_rx_invert_iq_set  sx127x_lora.o
    0x0800402a   0x0800402a   0x0000002c   Code   RO           61    i.__sx127x_set_lora_on  sx127x_lora.o
    0x08004056   0x08004056   0x00000064   Code   RO           62    i.__sx127x_state_get  sx127x_lora.o
    0x080040ba   0x080040ba   0x00000008   Code   RO           63    i.__sx127x_sync_id_get  sx127x_lora.o
    0x080040c2   0x080040c2   0x00000008   Code   RO           64    i.__sx127x_sync_id_set  sx127x_lora.o
    0x080040ca   0x080040ca   0x00000012   Code   RO           65    i.__sx127x_sync_word_set  sx127x_lora.o
    0x080040dc   0x080040dc   0x00000224   Code   RO           66    i.__sx127x_time_on_air_get  sx127x_lora.o
    0x08004300   0x08004300   0x00000058   Code   RO           67    i.__sx127x_tx_invert_iq_set  sx127x_lora.o
    0x08004358   0x08004358   0x00000040   Code   RO           68    i.__sx127x_write_buffer  sx127x_lora.o
    0x08004398   0x08004398   0x00000016   Code   RO           69    i.__sx127x_write_fifo  sx127x_lora.o
    0x080043ae   0x080043ae   0x00000014   Code   RO           70    i.__sx127x_write_reg  sx127x_lora.o
    0x080043c2   0x080043c2   0x00000002   PAD
    0x080043c4   0x080043c4   0x00000044   Code   RO           71    i.crc16_ccitt       sx127x_lora.o
    0x08004408   0x08004408   0x00000158   Code   RO          729    i.main              main.o
    0x08004560   0x08004560   0x00000028   Code   RO           72    i.radio_buf_recv    sx127x_lora.o
    0x08004588   0x08004588   0x00000024   Code   RO           73    i.radio_buf_send    sx127x_lora.o
    0x080045ac   0x080045ac   0x0000001a   Code   RO           81    i.radio_mode_set    sx127x_lora.o
    0x080045c6   0x080045c6   0x00000002   PAD
    0x080045c8   0x080045c8   0x00000070   Code   RO           88    i.radio_sx127x_lora_init  sx127x_lora.o
    0x08004638   0x08004638   0x00000070   Code   RO           91    i.radio_zm4xx_inst_init  sx127x_lora.o
    0x080046a8   0x080046a8   0x00000026   Code   RO           92    i.spi_check         sx127x_lora.o
    0x080046ce   0x080046ce   0x00000002   PAD
    0x080046d0   0x080046d0   0x0000001c   Code   RO           93    i.spi_recv_byte     sx127x_lora.o
    0x080046ec   0x080046ec   0x00000018   Code   RO           94    i.spi_send_byte     sx127x_lora.o
    0x08004704   0x08004704   0x0000000c   Code   RO           95    i.timer0_16_delay_ms  sx127x_lora.o
    0x08004710   0x08004710   0x00000002   Code   RO           96    i.timer0_16_delay_us  sx127x_lora.o
    0x08004712   0x08004712   0x00000026   Code   RO           97    i.zm4xx_rst_pin_set  sx127x_lora.o
    0x08004738   0x08004738   0x00000024   Code   RO           98    i.zm4xx_sel_pin_set  sx127x_lora.o
    0x0800475c   0x0800475c   0x00000168   Data   RO          100    .constdata          sx127x_lora.o
    0x080048c4   0x080048c4   0x00000818   Data   RO          603    .constdata          font.o
    0x080050dc   0x080050dc   0x00000021   Data   RO         2921    .constdata          system_stm32l0xx.o
    0x080050fd   0x080050fd   0x00000003   PAD
    0x08005100   0x08005100   0x00000020   Data   RO         3010    Region$$Table       anon$$obj.o


    Execution Region RW_IRAM1 (Exec base: 0x20000000, Load base: 0x08005120, Size: 0x00000768, Max: 0x00005000, ABSOLUTE)

    Exec Addr    Load Addr    Size         Type   Attr      Idx    E Section Name        Object

    0x20000000   0x08005120   0x00000061   Data   RW          101    .data               sx127x_lora.o
    0x20000061   0x08005181   0x00000001   PAD
    0x20000062   0x08005182   0x0000001e   Data   RW          689    .data               user.o
    0x20000080   0x080051a0   0x00000004   Data   RW          731    .data               main.o
    0x20000084   0x080051a4   0x0000000a   Data   RW          788    .data               stm32l0xx_it.o
    0x2000008e   0x080051ae   0x00000002   PAD
    0x20000090   0x080051b0   0x00000009   Data   RW         1416    .data               stm32l0xx_hal.o
    0x20000099   0x080051b9   0x00000003   PAD
    0x2000009c   0x080051bc   0x00000004   Data   RW         2922    .data               system_stm32l0xx.o
    0x200000a0        -       0x00000020   Zero   RW           99    .bss                sx127x_lora.o
    0x200000c0        -       0x000001fe   Zero   RW          688    .bss                user.o
    0x200002be   0x080051c0   0x00000002   PAD
    0x200002c0        -       0x000000a4   Zero   RW          730    .bss                main.o
    0x20000364   0x080051c0   0x00000004   PAD
    0x20000368        -       0x00000400   Zero   RW            1    STACK               startup_stm32l071xx.o


==============================================================================

Image component sizes


      Code (inc. data)   RO Data    RW Data    ZI Data      Debug   Object Name

         0          0       2072          0          0        455   font.o
       866        106          0          4        164       3738   main.o
       602         20          0          0          0       4309   oled.o
        28          8        192          0       1024        596   startup_stm32l071xx.o
       208         40          0          9          0       8841   stm32l0xx_hal.o
       194         20          0          0          0      11336   stm32l0xx_hal_cortex.o
       534         32          0          0          0       2683   stm32l0xx_hal_gpio.o
      1116         24          0          0          0       7701   stm32l0xx_hal_i2c.o
       222          0          0          0          0       1787   stm32l0xx_hal_i2c_ex.o
       304         28          0          0          0       1966   stm32l0xx_hal_msp.o
      2412         76          0          0          0       4392   stm32l0xx_hal_rcc.o
       588         14          0          0          0       1392   stm32l0xx_hal_rcc_ex.o
      2160         16          0          0          0       7530   stm32l0xx_hal_spi.o
       156         32          0         10          0       2426   stm32l0xx_it.o
      6434        214        360         97         32     346103   sx127x_lora.o
         2          0         33          4          0       1063   system_stm32l0xx.o
       356         30          0         30        510       2441   user.o

    ----------------------------------------------------------------------
     16216        660       2692        160       1736     408759   Object Totals
         0          0         32          0          0          0   (incl. Generated)
        34          0          3          6          6          0   (incl. Padding)

    ----------------------------------------------------------------------

      Code (inc. data)   RO Data    RW Data    ZI Data      Debug   Library Member Name

         0          0          0          0          0          0   entry.o
         0          0          0          0          0          0   entry10a.o
         0          0          0          0          0          0   entry11a.o
         4          0          0          0          0          0   entry12b.o
         8          4          0          0          0          0   entry2.o
         4          0          0          0          0          0   entry5.o
         0          0          0          0          0          0   entry7b.o
         0          0          0          0          0          0   entry8b.o
         8          4          0          0          0          0   entry9a.o
        30          0          0          0          0          0   handlers.o
        36          8          0          0          0         68   init.o
         0          0          0          0          0          0   iusefp.o
       122          0          0          0          0         84   llmul.o
        32          0          0          0          0         68   llshl.o
        38          0          0          0          0         68   llsshr.o
        34          0          0          0          0         68   llushr.o
        36          0          0          0          0         60   memcpya.o
        36          0          0          0          0        100   memseta.o
        44          0          0          0          0         72   uidiv.o
        96          0          0          0          0         84   uldiv.o
       360          6          0          0          0        140   dadd.o
       240          6          0          0          0         84   ddiv.o
       236          0          0          0          0        216   depilogue.o
        60         10          0          0          0         68   dfixui.o
        28          4          0          0          0         68   dfltui.o
       208          6          0          0          0         88   dmul.o
       130          0          0          0          0        144   fepilogue.o
        50          0          0          0          0         60   ffixi.o
        14          0          0          0          0         68   ffltui.o

    ----------------------------------------------------------------------
      1860         48          0          0          0       1608   Library Totals
         6          0          0          0          0          0   (incl. Padding)

    ----------------------------------------------------------------------

      Code (inc. data)   RO Data    RW Data    ZI Data      Debug   Library Name

       528         16          0          0          0        672   mc_p.l
      1326         32          0          0          0        936   mf_p.l

    ----------------------------------------------------------------------
      1860         48          0          0          0       1608   Library Totals

    ----------------------------------------------------------------------

==============================================================================


      Code (inc. data)   RO Data    RW Data    ZI Data      Debug   

     18076        708       2692        160       1736     404139   Grand Totals
     18076        708       2692        160       1736     404139   ELF Image Totals
     18076        708       2692        160          0          0   ROM Totals

==============================================================================

    Total RO  Size (Code + RO Data)                20768 (  20.28kB)
    Total RW  Size (RW Data + ZI Data)              1896 (   1.85kB)
    Total ROM Size (Code + RO Data + RW Data)      20928 (  20.44kB)

==============================================================================

